Archive member included to satisfy reference by file (symbol)

c:/dev/tools/ti/ccs1010/ccs/tools/compiler/gcc-arm-none-eabi-7-2017-q4-major-win32/bin/../lib/gcc/arm-none-eabi/7.2.1/../../../../arm-none-eabi/lib/hard\libc.a(lib_a-exit.o)
                              c:/dev/tools/ti/ccs1010/ccs/tools/compiler/gcc-arm-none-eabi-7-2017-q4-major-win32/bin/../lib/gcc/arm-none-eabi/7.2.1/../../../../arm-none-eabi/lib/hard/crt0.o (exit)
c:/dev/tools/ti/ccs1010/ccs/tools/compiler/gcc-arm-none-eabi-7-2017-q4-major-win32/bin/../lib/gcc/arm-none-eabi/7.2.1/../../../../arm-none-eabi/lib/hard\libc.a(lib_a-impure.o)
                              c:/dev/tools/ti/ccs1010/ccs/tools/compiler/gcc-arm-none-eabi-7-2017-q4-major-win32/bin/../lib/gcc/arm-none-eabi/7.2.1/../../../../arm-none-eabi/lib/hard\libc.a(lib_a-exit.o) (_global_impure_ptr)
c:/dev/tools/ti/ccs1010/ccs/tools/compiler/gcc-arm-none-eabi-7-2017-q4-major-win32/bin/../lib/gcc/arm-none-eabi/7.2.1/../../../../arm-none-eabi/lib/hard\libc.a(lib_a-init.o)
                              c:/dev/tools/ti/ccs1010/ccs/tools/compiler/gcc-arm-none-eabi-7-2017-q4-major-win32/bin/../lib/gcc/arm-none-eabi/7.2.1/../../../../arm-none-eabi/lib/hard/crt0.o (__libc_init_array)
c:/dev/tools/ti/ccs1010/ccs/tools/compiler/gcc-arm-none-eabi-7-2017-q4-major-win32/bin/../lib/gcc/arm-none-eabi/7.2.1/../../../../arm-none-eabi/lib/hard\libc.a(lib_a-memcpy-stub.o)
                              ./source/HL_het.o (memcpy)
c:/dev/tools/ti/ccs1010/ccs/tools/compiler/gcc-arm-none-eabi-7-2017-q4-major-win32/bin/../lib/gcc/arm-none-eabi/7.2.1/../../../../arm-none-eabi/lib/hard\libc.a(lib_a-memset.o)
                              c:/dev/tools/ti/ccs1010/ccs/tools/compiler/gcc-arm-none-eabi-7-2017-q4-major-win32/bin/../lib/gcc/arm-none-eabi/7.2.1/../../../../arm-none-eabi/lib/hard/crt0.o (memset)
c:/dev/tools/ti/ccs1010/ccs/tools/compiler/gcc-arm-none-eabi-7-2017-q4-major-win32/bin/../lib/gcc/arm-none-eabi/7.2.1/../../../../arm-none-eabi/lib/hard\libc.a(lib_a-strlen-stub.o)
                              ./source/os_tasks.o (strlen)
c:/dev/tools/ti/ccs1010/ccs/tools/compiler/gcc-arm-none-eabi-7-2017-q4-major-win32/bin/../lib/gcc/arm-none-eabi/7.2.1/../../../../arm-none-eabi/lib/hard\libc.a(lib_a-__call_atexit.o)
                              c:/dev/tools/ti/ccs1010/ccs/tools/compiler/gcc-arm-none-eabi-7-2017-q4-major-win32/bin/../lib/gcc/arm-none-eabi/7.2.1/../../../../arm-none-eabi/lib/hard\libc.a(lib_a-exit.o) (__call_exitprocs)
c:/dev/tools/ti/ccs1010/ccs/tools/compiler/gcc-arm-none-eabi-7-2017-q4-major-win32/bin/../lib/gcc/arm-none-eabi/7.2.1/../../../../arm-none-eabi/lib/hard\libc.a(lib_a-atexit.o)
                              c:/dev/tools/ti/ccs1010/ccs/tools/compiler/gcc-arm-none-eabi-7-2017-q4-major-win32/bin/../lib/gcc/arm-none-eabi/7.2.1/../../../../arm-none-eabi/lib/hard\libc.a(lib_a-__call_atexit.o) (atexit)
c:/dev/tools/ti/ccs1010/ccs/tools/compiler/gcc-arm-none-eabi-7-2017-q4-major-win32/bin/../lib/gcc/arm-none-eabi/7.2.1/../../../../arm-none-eabi/lib/hard\libc.a(lib_a-fini.o)
                              c:/dev/tools/ti/ccs1010/ccs/tools/compiler/gcc-arm-none-eabi-7-2017-q4-major-win32/bin/../lib/gcc/arm-none-eabi/7.2.1/../../../../arm-none-eabi/lib/hard\libc.a(lib_a-__call_atexit.o) (__libc_fini_array)
c:/dev/tools/ti/ccs1010/ccs/tools/compiler/gcc-arm-none-eabi-7-2017-q4-major-win32/bin/../lib/gcc/arm-none-eabi/7.2.1/../../../../arm-none-eabi/lib/hard\libc.a(lib_a-lock.o)
                              c:/dev/tools/ti/ccs1010/ccs/tools/compiler/gcc-arm-none-eabi-7-2017-q4-major-win32/bin/../lib/gcc/arm-none-eabi/7.2.1/../../../../arm-none-eabi/lib/hard\libc.a(lib_a-__call_atexit.o) (__retarget_lock_acquire_recursive)
c:/dev/tools/ti/ccs1010/ccs/tools/compiler/gcc-arm-none-eabi-7-2017-q4-major-win32/bin/../lib/gcc/arm-none-eabi/7.2.1/../../../../arm-none-eabi/lib/hard\libc.a(lib_a-__atexit.o)
                              c:/dev/tools/ti/ccs1010/ccs/tools/compiler/gcc-arm-none-eabi-7-2017-q4-major-win32/bin/../lib/gcc/arm-none-eabi/7.2.1/../../../../arm-none-eabi/lib/hard\libc.a(lib_a-atexit.o) (__register_exitproc)
c:/dev/tools/ti/ccs1010/ccs/tools/compiler/gcc-arm-none-eabi-7-2017-q4-major-win32/bin/../lib/gcc/arm-none-eabi/7.2.1/../../../../arm-none-eabi/lib/hard\libm.a(lib_a-s_floor.o)
                              ./source/HL_sci.o (floor)
c:/dev/tools/ti/ccs1010/ccs/tools/compiler/gcc-arm-none-eabi-7-2017-q4-major-win32/bin/../lib/gcc/arm-none-eabi/7.2.1/hard\libgcc.a(_udivsi3.o)
                              ./source/HL_het.o (__aeabi_uidiv)
c:/dev/tools/ti/ccs1010/ccs/tools/compiler/gcc-arm-none-eabi-7-2017-q4-major-win32/bin/../lib/gcc/arm-none-eabi/7.2.1/hard\libgcc.a(_dvmd_tls.o)
                              c:/dev/tools/ti/ccs1010/ccs/tools/compiler/gcc-arm-none-eabi-7-2017-q4-major-win32/bin/../lib/gcc/arm-none-eabi/7.2.1/hard\libgcc.a(_udivsi3.o) (__aeabi_idiv0)
[...]
Memory Configuration

Name             Origin             Length             Attributes
VECTORS          0x00000000         0x00000020         xr
KERNEL           0x00000020         0x00008000         xr
FLASH            0x00008020         0x003f7fe0         xr
CPU_STACK        0x08000000         0x00000800         rw
KRAM             0x08000800         0x00000800         xrw
RAM              0x08001000         0x0007f000         xrw
MEMORY_B1        0x60000000         0x00000000         xr
*default*        0x00000000         0xffffffff

Linker script and memory map

LOAD c:/dev/tools/ti/ccs1010/ccs/tools/compiler/gcc-arm-none-eabi-7-2017-q4-major-win32/bin/../lib/gcc/arm-none-eabi/7.2.1/hard/crti.o
LOAD c:/dev/tools/ti/ccs1010/ccs/tools/compiler/gcc-arm-none-eabi-7-2017-q4-major-win32/bin/../lib/gcc/arm-none-eabi/7.2.1/hard/crtbegin.o
LOAD c:/dev/tools/ti/ccs1010/ccs/tools/compiler/gcc-arm-none-eabi-7-2017-q4-major-win32/bin/../lib/gcc/arm-none-eabi/7.2.1/../../../../arm-none-eabi/lib/hard/crt0.o
LOAD ./source/HL_adc.o
LOAD ./source/HL_can.o
LOAD ./source/HL_crc.o
LOAD ./source/HL_dcc.o
LOAD ./source/HL_ecap.o
LOAD ./source/HL_emac.o
LOAD ./source/HL_emif.o
LOAD ./source/HL_epc.o
LOAD ./source/HL_eqep.o
LOAD ./source/HL_errata.o
LOAD ./source/HL_errata_SSWF021_45.o
LOAD ./source/HL_esm.o
LOAD ./source/HL_etpwm.o
LOAD ./source/HL_gio.o
LOAD ./source/HL_het.o
LOAD ./source/HL_i2c.o
LOAD ./source/HL_lin.o
LOAD ./source/HL_mdio.o
LOAD ./source/HL_mibspi.o
LOAD ./source/HL_nmpu.o
LOAD ./source/HL_notification.o
LOAD ./source/HL_phy_dp83640.o
LOAD ./source/HL_phy_tlk111.o
LOAD ./source/HL_pinmux.o
LOAD ./source/HL_pom.o
LOAD ./source/HL_sci.o
LOAD ./source/HL_sys_core.o
LOAD ./source/HL_sys_dma.o
LOAD ./source/HL_sys_intvecs.o
LOAD ./source/HL_sys_main.o
LOAD ./source/HL_sys_mpu.o
LOAD ./source/HL_sys_pcr.o
LOAD ./source/HL_sys_phantom.o
LOAD ./source/HL_sys_pmm.o
LOAD ./source/HL_sys_pmu.o
LOAD ./source/HL_sys_startup.o
LOAD ./source/HL_sys_vim.o
LOAD ./source/HL_system.o
LOAD ./source/os_croutine.o
LOAD ./source/os_event_groups.o
LOAD ./source/os_heap.o
LOAD ./source/os_list.o
LOAD ./source/os_mpu_wrappers.o
LOAD ./source/os_port.o
LOAD ./source/os_portasm.o
LOAD ./source/os_queue.o
LOAD ./source/os_tasks.o
LOAD ./source/os_timer.o
                0x08040000                _estack = 0x8040000
                0x00000400                _Min_Heap_Size = 0x400

.intvecs        0x00000000       0x20
                0x00000000                . = ALIGN (0x4)
 *(.intvecs)
 .intvecs       0x00000000       0x20 ./source/HL_sys_intvecs.o
                0x00000000                resetEntry
                0x00000020                . = ALIGN (0x4)

.kernelTEXT     0x00000020     0x4530
                0x00000020                . = ALIGN (0x4)
 *(.kernelTEXT)
 .kernelTEXT    0x00000020      0x408 ./source/os_event_groups.o
                0x00000058                xEventGroupCreate
                0x00000084                xEventGroupWaitBits
                0x000001d0                xEventGroupClearBits
                0x00000208                xEventGroupSetBits
                0x000002bc                xEventGroupSync
                0x000003bc                xEventGroupGetBitsFromISR
                0x000003c4                vEventGroupDelete
                0x00000410                vEventGroupSetBitsCallback
                0x0000041c                vEventGroupClearBitsCallback
 .kernelTEXT    0x00000428      0x230 ./source/os_heap.o
                0x00000428                pvPortMalloc
                0x000005b8                vPortFree
                0x00000634                vPortInitialiseBlocks
                0x00000638                xPortGetFreeHeapSize
                0x00000648                xPortGetMinimumEverFreeHeapSize
 .kernelTEXT    0x00000658      0x1d0 ./source/os_port.o
                0x00000658                pxPortInitialiseStack
                0x000006c8                xPortStartScheduler
                0x000006ec                vPortEndScheduler
                0x00000708                vPortStoreTaskMPUSettings
 .kernelTEXT    0x00000828      0x4e8 ./source/os_portasm.o
                0x0000082c                vPortStartFirstTask
                0x000008bc                vPortYieldProcessor
                0x000009a8                vPortYeildWithinAPI
                0x00000a9c                vPortPreemptiveTick
                0x00000b9c                vPortInitialiseFPSCR
                0x00000ba8                ulPortCountLeadingZeros
                0x00000bb0                vPortSWI
                0x00000c80                prvMpuSetRegion
                0x00000c98                prvMpuEnable
                0x00000cb0                prvMpuDisable
                0x00000cc8                vPortYield
                0x00000cd8                vPortEnterCritical
                0x00000ce0                vPortExitCritical
                0x00000ce8                vPortTaskUsesFPU
                0x00000cf0                vPortDisableInterrupts
                0x00000cf8                vPortEnableInterrupts
 .kernelTEXT    0x00000d10      0xd64 ./source/os_queue.o
                0x00000f30                xQueueGenericSend
                0x0000116c                xQueuePeekFromISR
                0x000011dc                xQueueGenericReceive
                0x00001434                uxQueueMessagesWaiting
                0x00001454                uxQueueSpacesAvailable
                0x0000147c                vQueueDelete
                0x00001498                xQueueGenericSendFromISR
                0x00001580                xQueueGiveFromISR
                0x00001658                xQueueReceiveFromISR
                0x0000171c                xQueueIsQueueEmptyFromISR
                0x00001748                xQueueIsQueueFullFromISR
                0x00001778                uxQueueMessagesWaitingFromISR
                0x00001790                xQueueTakeMutexRecursive
                0x000017fc                xQueueGiveMutexRecursive
                0x00001860                vQueueWaitForMessageRestricted
                0x000018cc                xQueueGenericReset
                0x000019ac                xQueueGenericCreate
                0x00001a0c                xQueueCreateMutex
                0x00001a30                xQueueCreateCountingSemaphore
 .kernelTEXT    0x00001a74     0x2358 ./source/os_tasks.o
                0x00002018                xTaskCreate
                0x000020c0                xTaskCreateRestricted
                0x0000214c                vTaskAllocateMPURegions
                0x0000217c                vTaskDelete
                0x000022c8                uxTaskPriorityGet
                0x000022f0                uxTaskPriorityGetFromISR
                0x00002310                eTaskGetState
                0x000023dc                vTaskPrioritySet
                0x00002550                vTaskResume
                0x000025fc                xTaskResumeFromISR
                0x000026c0                vTaskStartScheduler
                0x00002754                vTaskEndScheduler
                0x00002774                vTaskSuspendAll
                0x0000278c                xTaskGetTickCount
                0x0000279c                xTaskGetTickCountFromISR
                0x000027ac                uxTaskGetNumberOfTasks
                0x000027bc                pcTaskGetName
                0x000027ec                uxTaskGetStackHighWaterMark
                0x00002814                vTaskSetThreadLocalStoragePointer
                0x00002844                pvTaskGetThreadLocalStoragePointer
                0x0000287c                xTaskGetIdleTaskHandle
                0x00002898                xTaskGenericNotify
                0x000029e4                xTaskGenericNotifyFromISR
                0x00002b58                xTaskNotifyWait
                0x00002c50                vTaskNotifyGiveFromISR
                0x00002d4c                ulTaskNotifyTake
                0x00002e20                xTaskIncrementTick
                0x00002fe8                xTaskResumeAll
                0x0000316c                vTaskDelay
                0x000031cc                vTaskDelayUntil
                0x000032a4                xTaskAbortDelay
                0x000033d0                xTaskGetHandle
                0x000034a8                vTaskPlaceOnEventList
                0x000034e4                vTaskPlaceOnUnorderedEventList
                0x0000354c                vTaskPlaceOnEventListRestricted
                0x00003594                xTaskRemoveFromEventList
                0x00003664                xTaskRemoveFromUnorderedEventList
                0x0000370c                vTaskSwitchContext
                0x000037f4                vTaskSuspend
                0x00003940                uxTaskResetEventItemValue
                0x00003968                xTaskGetCurrentTaskHandle
                0x00003978                vTaskSetTimeOutState
                0x000039a4                xTaskCheckForTimeOut
                0x00003a7c                vTaskMissedYield
                0x00003a90                xTaskGetSchedulerState
                0x00003ad0                vTaskPriorityInherit
                0x00003bec                xTaskPriorityDisinherit
                0x00003cf0                vTaskStepTick
                0x00003d2c                eTaskConfirmSleepModeStatus
                0x00003d90                pvTaskIncrementMutexHeldCount
 .kernelTEXT    0x00003dcc      0x784 ./source/os_timer.o
                0x00003f4c                xTimerCreate
                0x00003fa0                pvTimerGetTimerID
                0x00003fc0                vTimerSetTimerID
                0x00003fe0                xTimerIsTimerActive
                0x00004008                xTimerGetTimerDaemonTaskHandle
                0x00004024                pcTimerGetName
                0x0000403c                xTimerGetPeriod
                0x00004054                xTimerGetExpiryTime
                0x0000406c                xTimerCreateTimerTask
                0x000040d4                xTimerGenericCommand
                0x00004550                . = ALIGN (0x4)

.text           0x00008020     0xd33c
                0x00008020                . = ALIGN (0x4)
 *(.text)
 .text          0x00008020        0x0 c:/dev/tools/ti/ccs1010/ccs/tools/compiler/gcc-arm-none-eabi-7-2017-q4-major-win32/bin/../lib/gcc/arm-none-eabi/7.2.1/hard/crti.o
 .text          0x00008020       0x70 c:/dev/tools/ti/ccs1010/ccs/tools/compiler/gcc-arm-none-eabi-7-2017-q4-major-win32/bin/../lib/gcc/arm-none-eabi/7.2.1/hard/crtbegin.o
 .text          0x00008090      0x114 c:/dev/tools/ti/ccs1010/ccs/tools/compiler/gcc-arm-none-eabi-7-2017-q4-major-win32/bin/../lib/gcc/arm-none-eabi/7.2.1/../../../../arm-none-eabi/lib/hard/crt0.o
                0x00008090                _start
                0x00008090                _mainCRTStartup
 .text          0x000081a4      0x728 ./source/HL_adc.o
                0x000081a4                adcInit
                0x00008330                adcStartConversion
                0x00008370                adcStopConversion
                0x00008380                adcResetFiFo
                0x00008390                adcGetData
                0x00008468                adcIsFifoFull
                0x0000847c                adcIsConversionComplete
                0x00008490                adcCalibration
                0x000085a8                adcMidPointCalibration
                0x00008674                adcEnableNotification
                0x0000869c                adcDisableNotification
                0x000086ac                adcSetEVTPin
                0x000086b4                adcGetEVTPin
                0x000086bc                adc1GetConfigValue
                0x000087c4                adc2GetConfigValue
 .text          0x000088cc      0x92c ./source/HL_can.o
                0x000088cc                canInit
                0x00008b40                canTransmit
                0x00008bbc                canGetData
                0x00008c6c                canGetID
                0x00008ca0                canUpdateID
                0x00008ce8                canSendRemoteFrame
                0x00008d34                canFillMessageObjectData
                0x00008db0                canIsTxMessagePending
                0x00008dd0                canIsRxMessageArrived
                0x00008df4                canIsMessageBoxValid
                0x00008e18                canGetLastError
                0x00008e24                canGetErrorLevel
                0x00008e30                canEnableErrorNotification
                0x00008e40                canEnableStatusChangeNotification
                0x00008e50                canDisableStatusChangeNotification
                0x00008e60                canDisableErrorNotification
                0x00008e70                canEnableloopback
                0x00008e8c                canDisableloopback
                0x00008ea8                canIoSetDirection
                0x00008ecc                canIoSetPort
                0x00008ef0                canIoTxGetBit
                0x00008efc                canIoRxGetBit
                0x00008f08                can1GetConfigValue
                0x00008fc4                can2GetConfigValue
                0x00009080                can3GetConfigValue
                0x0000913c                can4GetConfigValue
 .text          0x000091f8      0x47c ./source/HL_crc.o
                0x000091f8                crcInit
                0x000092b0                crcSendPowerDown
                0x000092c0                crcSignGen
                0x00009320                crcSetConfig
                0x000093e4                crcGetSectorSig
                0x0000943c                crcGetFailedSector
                0x00009464                crcGetIntrPend
                0x0000946c                crcChannelReset
                0x000094b4                crcEnableNotification
                0x000094bc                crcDisableNotification
                0x000094c4                crcGetPSASig
                0x0000951c                crc1GetConfigValue
                0x000095c8                crc2GetConfigValue
 .text          0x00009674      0x1ec ./source/HL_dcc.o
                0x00009674                dccInit
                0x000096d4                dccSetCounter0Seed
                0x000096dc                dccSetTolerance
                0x000096e4                dccSetCounter1Seed
                0x000096ec                dccSetSeed
                0x000096fc                dccSelectClockSource
                0x00009710                dccEnable
                0x00009724                dccDisable
                0x00009738                dccGetErrStatus
                0x00009744                dccEnableNotification
                0x0000975c                dccDisableNotification
                0x0000977c                dcc1GetConfigValue
                0x000097f4                dcc2GetConfigValue
 .text          0x00009860      0x4a8 ./source/HL_ecap.o
                0x00009860                ecapInit
                0x000098e4                ecapSetCounter
                0x000098ec                ecapEnableCounterLoadOnSync
                0x00009900                ecapDisableCounterLoadOnSync
                0x00009918                ecapSetEventPrescaler
                0x0000993c                ecapSetCaptureEvent1
                0x00009964                ecapSetCaptureEvent2
                0x0000998c                ecapSetCaptureEvent3
                0x000099b4                ecapSetCaptureEvent4
                0x000099dc                ecapSetCaptureMode
                0x00009a04                ecapEnableCapture
                0x00009a14                ecapDisableCapture
                0x00009a2c                ecapStartCounter
                0x00009a3c                ecapStopCounter
                0x00009a54                ecapSetSyncOut
                0x00009a78                ecapEnableAPWMmode
                0x00009ab4                ecapDisableAPWMMode
                0x00009acc                ecapEnableInterrupt
                0x00009adc                ecapDisableInterrupt
                0x00009af4                ecapGetEventStatus
                0x00009b00                ecapClearFlag
                0x00009b08                ecapGetCAP1
                0x00009b10                ecapGetCAP2
                0x00009b18                ecapGetCAP3
                0x00009b20                ecapGetCAP4
                0x00009b28                ecap1GetConfigValue
                0x00009b78                ecap2GetConfigValue
                0x00009bc8                ecap3GetConfigValue
                0x00009c18                ecap4GetConfigValue
                0x00009c68                ecap5GetConfigValue
                0x00009cb8                ecap6GetConfigValue
 .text          0x00009d08      0xcf0 ./source/HL_emac.o
                0x00009d08                EMACTxIntPulseEnable
                0x00009d34                EMACTxIntPulseDisable
                0x00009d60                EMACRxIntPulseEnable
                0x00009d8c                EMACRxIntPulseDisable
                0x00009db8                EMACRMIISpeedSet
                0x00009dd4                EMACMIIEnable
                0x00009de4                EMACMIIDisable
                0x00009df4                EMACDuplexSet
                0x00009e10                EMACTxEnable
                0x00009e1c                EMACTxDisable
                0x00009e28                EMACRxEnable
                0x00009e34                EMACRxDisable
                0x00009e40                EMACTxHdrDescPtrWrite
                0x00009e4c                EMACRxHdrDescPtrWrite
                0x00009e58                EMACInit
                0x00009ef8                EMACMACSrcAddrSet
                0x00009f2c                EMACMACAddrSet
                0x00009f70                EMACCoreIntAck
                0x00009f78                EMACTxCPWrite
                0x00009f84                EMACRxCPWrite
                0x00009f90                EMACRxBroadCastEnable
                0x00009fb0                EMACRxBroadCastDisable
                0x00009fcc                EMACRxMultiCastEnable
                0x00009fec                EMACRxMultiCastDisable
                0x0000a008                EMACRxUnicastSet
                0x0000a01c                EMACRxUnicastClear
                0x0000a030                EMACNumFreeBufSet
                0x0000a03c                EMACIntVectorGet
                0x0000a044                EMACInstConfig
                0x0000a098                EMACLinkSetup
                0x0000a130                EMACTxTeardown
                0x0000a140                EMACRxTeardown
                0x0000a150                EMACFrameSelect
                0x0000a15c                EMACTxPrioritySelect
                0x0000a190                EMACSoftReset
                0x0000a1c4                EMACEnableIdleState
                0x0000a1d4                EMACDisableIdleState
                0x0000a1e4                EMACEnableLoopback
                0x0000a214                EMACDisableLoopback
                0x0000a244                EMACTxFlowControlEnable
                0x0000a254                EMACTxFlowControlDisable
                0x0000a264                EMACRxFlowControlEnable
                0x0000a274                EMACRxFlowControlDisable
                0x0000a284                EMACSwizzleData
                0x0000a2a4                EMACRxSetFlowThreshold
                0x0000a2c4                EMACReadNetStatRegisters
                0x0000a2d0                EMACTxIntStat
                0x0000a2f4                EMACRxIntStat
                0x0000a33c                EMACDMAInit
                0x0000a428                EMACHWInit
                0x0000a67c                EMACTransmit
                0x0000a7a8                EMACTxIntHandler
                0x0000a85c                EMACReceive
                0x0000a948                EMACGetConfigValue
 .text          0x0000a9f8      0x1cc ./source/HL_emif.o
                0x0000a9f8                emif_SDRAMInit
                0x0000a9fc                emif_ASYNC1Init
                0x0000aa3c                emif_ASYNC2Init
                0x0000aa7c                emif_ASYNC3Init
                0x0000aabc                emifGetConfigValue
                0x0000ab74                emif_SDRAM_StartupInit
 .text          0x0000abc4      0x240 ./source/HL_epc.o
                0x0000abc4                epcEnableIP1ErrorGen
                0x0000abdc                epcDisableIP1ErrorGen
                0x0000abf4                epcEnableIP2ErrorGen
                0x0000ac0c                epcDisableIP2ErrorGen
                0x0000ac24                epcEnableSERREvent
                0x0000ac3c                epcDisableSERREvent
                0x0000ac54                epcEnableInterrupt
                0x0000ac68                epcDisableInterrupt
                0x0000ac7c                epcCAMInit
                0x0000acb0                epcCheckCAMEntry
                0x0000acf4                epcDiagnosticTest
                0x0000ad98                epcAddCAMEEntry
 .text          0x0000ae04      0x714 ./source/HL_eqep.o
                0x0000ae04                QEPInit
                0x0000aebc                eqepClearAllInterruptFlags
                0x0000aec8                eqepClearInterruptFlag
                0x0000aed8                eqepClearPosnCounter
                0x0000aee4                eqepDisableAllInterrupts
                0x0000aef0                eqepDisableCapture
                0x0000af00                eqepDisableGateIndex
                0x0000af18                eqepDisableInterrupt
                0x0000af28                eqepDisablePosnCompare
                0x0000af40                eqepDisablePosnCompareShadow
                0x0000af50                eqepDisableSyncOut
                0x0000af68                eqepDisableUnitTimer
                0x0000af80                eqepDisableWatchdog
                0x0000af98                eqepEnableCapture
                0x0000afa8                eqepEnableCounter
                0x0000afb8                eqepEnableGateIndex
                0x0000afc8                eqepEnableInterrupt
                0x0000afd8                eqepEnablePosnCompare
                0x0000afe8                eqepEnablePosnCompareShadow
                0x0000aff8                eqepEnableSyncOut
                0x0000b008                eqepEnableUnitTimer
                0x0000b018                eqepEnableWatchdog
                0x0000b028                eqepForceInterrupt
                0x0000b038                eqepReadCapturePeriodLatch
                0x0000b040                eqepReadCaptureTimerLatch
                0x0000b048                eqepReadInterruptFlag
                0x0000b054                eqepReadPosnCompare
                0x0000b05c                eqepReadPosnCount
                0x0000b064                eqepReadPosnIndexLatch
                0x0000b06c                eqepReadPosnLatch
                0x0000b074                eqepReadPosnStrobeLatch
                0x0000b07c                eqepReadStatus
                0x0000b084                eqepResetCounter
                0x0000b09c                eqepSetCaptureLatchMode
                0x0000b0c0                eqepSetCapturePeriod
                0x0000b0c8                eqepSetCapturePrescale
                0x0000b0ec                eqepSetEmuControl
                0x0000b108                eqepSetExtClockRate
                0x0000b12c                eqepSetIndexEventInit
                0x0000b150                eqepSetIndexEventLatch
                0x0000b174                eqepSetIndexPolarity
                0x0000b198                eqepSetMaxPosnCount
                0x0000b1a0                eqepSetPosnComparePulseWidth
                0x0000b1c0                eqepSetPosnCompareShadowLoad
                0x0000b1e4                eqepSetPosnCountResetMode
                0x0000b208                eqepSetPosnInitCount
                0x0000b210                eqepSetSelectSyncPin
                0x0000b234                eqepSetSoftInit
                0x0000b258                eqepSetStrobeEventInit
                0x0000b27c                eqepSetStrobeEventLatch
                0x0000b2a0                eqepSetStrobePolarity
                0x0000b2c4                eqepSetSwapQuadInputs
                0x0000b2e8                eqepSetSynchOutputComparePolarity
                0x0000b30c                eqepSetUnitPeriod
                0x0000b314                eqepSetUnitPosnPrescale
                0x0000b338                eqepSetWatchdogPeriod
                0x0000b340                eqepSetupStrobeEventLatch
                0x0000b364                eqepSetAPolarity
                0x0000b388                eqepSetBPolarity
                0x0000b3ac                eqepSetQEPSource
                0x0000b3c8                eqepWritePosnCompare
                0x0000b3d0                eqep1GetConfigValue
                0x0000b474                eqep2GetConfigValue
 .text          0x0000b518      0x2d4 ./source/HL_errata.o
                0x0000b518                errataFailNotification
                0x0000b51c                errata_PBIST_4
 .text          0x0000b7ec      0x420 ./source/HL_errata_SSWF021_45.o
                0x0000b8c4                _errata_SSWF021_45_both_plls
                0x0000ba24                _errata_SSWF021_45_pll1
                0x0000bb1c                _errata_SSWF021_45_pll2
 .text          0x0000bc0c      0x470 ./source/HL_esm.o
                0x0000bc0c                esmInit
                0x0000bcb4                esmError
                0x0000bcc0                esmEnableError
                0x0000bcd0                esmEnableErrorUpper
                0x0000bcdc                esmDisableError
                0x0000bcec                esmDisableErrorUpper
                0x0000bcf8                esmTriggerErrorPinReset
                0x0000bd08                esmActivateNormalOperation
                0x0000bd18                esmEnableInterrupt
                0x0000bd28                esmEnableInterruptUpper
                0x0000bd34                esmDisableInterrupt
                0x0000bd44                esmDisableInterruptUpper
                0x0000bd50                esmSetInterruptLevel
                0x0000bd84                esmSetInterruptLevelUpper
                0x0000bd9c                esmClearStatus
                0x0000bdbc                esmClearStatusUpper
                0x0000bdcc                esmClearStatusBuffer
                0x0000bdd8                esmSetCounterPreloadValue
                0x0000bde8                esmGetStatus
                0x0000be2c                esmGetStatusUpper
                0x0000be5c                esmGetStatusBuffer
                0x0000be6c                esmEnterSelfTest
                0x0000bec0                esmSelfTestStatus
                0x0000bef8                esmGetConfigValue
                0x0000bf98                esmHighInterrupt
 .text          0x0000c07c     0x1464 ./source/HL_etpwm.o
                0x0000c07c                etpwmInit
                0x0000c51c                etpwmStartTBCLK
                0x0000c558                etpwmStopTBCLK
                0x0000c590                etpwmSetClkDiv
                0x0000c5b8                etpwmSetTimebasePeriod
                0x0000c5c0                etpwmSetCount
                0x0000c5c8                etpwmDisableTimebasePeriodShadowMode
                0x0000c5d8                etpwmEnableTimebasePeriodShadowMode
                0x0000c5f0                etpwmEnableCounterLoadOnSync
                0x0000c61c                etpwmDisableCounterLoadOnSync
                0x0000c634                etpwmSetSyncOut
                0x0000c658                etpwmSetCounterMode
                0x0000c67c                etpwmTriggerSWSync
                0x0000c68c                etpwmSetRunMode
                0x0000c6a8                etpwmSetCmpA
                0x0000c6b0                etpwmSetCmpB
                0x0000c6b8                etpwmEnableCmpAShadowMode
                0x0000c6dc                etpwmDisableCmpAShadowMode
                0x0000c6ec                etpwmEnableCmpBShadowMode
                0x0000c710                etpwmDisableCmpBShadowMode
                0x0000c720                etpwmSetActionQualPwmA
                0x0000c790                etpwmSetActionQualPwmB
                0x0000c800                etpwmEnableDeadBand
                0x0000c848                etpwmDisableDeadband
                0x0000c854                etpwmSetDeadBandDelay
                0x0000c860                etpwmEnableChopping
                0x0000c890                etpwmDisableChopping
                0x0000c89c                etpwmEnableTripZoneSources
                0x0000c8ac                etpwmDisableTripZoneSources
                0x0000c8bc                etpwmSetTripAction
                0x0000c92c                etpwmEnableTripInterrupt
                0x0000c93c                etpwmDisableTripInterrupt
                0x0000c954                etpwmClearTripCondition
                0x0000c95c                etpwmClearTripInterruptFlag
                0x0000c968                etpwmForceTripEvent
                0x0000c970                etpwmEnableSOCA
                0x0000c9b8                etpwmDisableSOCA
                0x0000c9d0                etpwmEnableSOCB
                0x0000ca18                etpwmDisableSOCB
                0x0000ca28                etpwmEnableInterrupt
                0x0000ca70                etpwmDisableInterrupt
                0x0000ca88                etpwmGetEventStatus
                0x0000ca90                etpwmClearEventFlag
                0x0000ca98                etpwmTriggerEvent
                0x0000caa0                etpwmEnableDigitalCompareEvents
                0x0000cb24                etpwm1GetConfigValue
                0x0000cc88                etpwm2GetConfigValue
                0x0000cdec                etpwm3GetConfigValue
                0x0000cf50                etpwm4GetConfigValue
                0x0000d0b4                etpwm5GetConfigValue
                0x0000d218                etpwm6GetConfigValue
                0x0000d37c                etpwm7GetConfigValue
 .text          0x0000d4e0      0x230 ./source/HL_gio.o
                0x0000d4e0                gioInit
                0x0000d53c                gioSetDirection
                0x0000d544                gioSetBit
                0x0000d56c                gioSetPort
                0x0000d574                gioGetBit
                0x0000d584                gioGetPort
                0x0000d58c                gioToggleBit
                0x0000d5bc                gioEnableNotification
                0x0000d610                gioDisableNotification
                0x0000d664                gioGetConfigValue
 .text          0x0000d710      0x63c ./source/HL_het.o
                0x0000d710                hetInit
                0x0000d7e8                pwmStart
                0x0000d804                pwmStop
                0x0000d820                pwmSetDuty
                0x0000d8d8                pwmSetSignal
                0x0000d9e8                pwmGetSignal
                0x0000da90                pwmEnableNotification
                0x0000daa4                pwmDisableNotification
                0x0000dab4                edgeResetCounter
                0x0000dac8                edgeGetCounter
                0x0000dadc                edgeEnableNotification
                0x0000daf0                edgeDisableNotification
                0x0000db00                capGetSignal
                0x0000dba0                hetResetTimestamp
                0x0000dbac                hetGetTimestamp
                0x0000dbb4                het1GetConfigValue
                0x0000dc80                het2GetConfigValue
 *fill*         0x0000dd4c        0x4 
 .text          0x0000dd50      0x5c4 ./source/HL_i2c.o
                0x0000dd50                i2cInit
                0x0000de40                i2cSetOwnAdd
                0x0000de48                i2cSetSlaveAdd
                0x0000de50                i2cSetBaudrate
                0x0000de98                i2cSetStart
                0x0000dea8                i2cSetStop
                0x0000deb8                i2cSetCount
                0x0000dec0                i2cIsTxReady
                0x0000decc                i2cSendByte
                0x0000dee0                i2cSend
                0x0000df68                i2cIsRxReady
                0x0000df74                i2cIsStopDetected
                0x0000df80                i2cRxError
                0x0000df94                i2cClearSCD
                0x0000dfa0                i2cReceiveByte
                0x0000dfb8                i2cReceive
                0x0000e02c                i2cEnableLoopback
                0x0000e03c                i2cDisableLoopback
                0x0000e04c                i2cEnableNotification
                0x0000e094                i2cDisableNotification
                0x0000e0e4                i2cSetMode
                0x0000e0f8                i2c1GetConfigValue
                0x0000e1dc                i2c2GetConfigValue
                0x0000e2c0                i2cSetDirection
                0x0000e2dc                i2cIsMasterReady
                0x0000e2f8                i2cIsBusBusy
 .text          0x0000e314      0x45c ./source/HL_lin.o
                0x0000e314                linInit
                0x0000e420                linSetFunctional
                0x0000e428                linSendHeader
                0x0000e43c                linSendWakupSignal
                0x0000e454                linEnterSleep
                0x0000e464                linSoftwareReset
                0x0000e480                linIsTxReady
                0x0000e48c                linSetLength
                0x0000e4a4                linSend
                0x0000e4e0                linIsRxReady
                0x0000e4ec                linTxRxError
                0x0000e504                linGetIdentifier
                0x0000e510                linGetData
                0x0000e53c                linEnableLoopback
                0x0000e554                linDisableLoopback
                0x0000e560                linEnableNotification
                0x0000e568                linDisableNotification
                0x0000e570                lin1GetConfigValue
                0x0000e668                lin2GetConfigValue
                0x0000e760                linGetStatusFlag
                0x0000e768                linClearStatusFlag
 .text          0x0000e770      0x104 ./source/HL_mdio.o
                0x0000e770                MDIOPhyRegRead
                0x0000e7d4                MDIOPhyRegWrite
                0x0000e818                MDIOPhyAliveStatusGet
                0x0000e820                MDIOPhyLinkStatusGet
                0x0000e828                MDIOInit
                0x0000e854                MDIOEnable
                0x0000e864                MDIODisable
 .text          0x0000e874     0x11bc ./source/HL_mibspi.o
                0x0000e874                mibspiInit
                0x0000efa8                mibspiIsBuffInitialized
                0x0000efd8                mibspiOutofReset
                0x0000efe8                mibspiReset
                0x0000eff4                mibspiSetFunctional
                0x0000effc                mibspiSetData
                0x0000f0cc                mibspiGetData
                0x0000f1c0                mibspiTransfer
                0x0000f1d4                mibspiIsTransferComplete
                0x0000f210                mibspiEnableLoopback
                0x0000f228                mibspiDisableLoopback
                0x0000f234                mibspiPmodeSet
                0x0000f250                mibspiEnableGroupNotification
                0x0000f2a8                mibspiDisableGroupNotification
                0x0000f2c4                mibspi1GetConfigValue
                0x0000f440                mibspi2GetConfigValue
                0x0000f5bc                mibspi3GetConfigValue
                0x0000f738                mibspi4GetConfigValue
                0x0000f8b4                mibspi5GetConfigValue
 .text          0x0000fa30      0x1a0 ./source/HL_nmpu.o
                0x0000fa30                nmpuEnable
                0x0000fa48                nmpuDisable
                0x0000fa60                nmpuEnableErrorGen
                0x0000fa78                nmpuDisableErrorGen
                0x0000fa90                nmpuEnableRegion
                0x0000fb20                nmpuDisableRegion
                0x0000fb58                nmpuGetErrorStatus
                0x0000fbb0                nmpuGetErrorRegion
                0x0000fbbc                nmpuGetErrorAddress
                0x0000fbc4                nmpuClearErrorStatus
 .text          0x0000fbd0       0x6c ./source/HL_notification.o
                0x0000fbd0                esmGroup1Notification
                0x0000fbd4                esmGroup2Notification
                0x0000fbd8                esmGroup3Notification
                0x0000fbdc                dmaGroupANotification
                0x0000fbe0                adcNotification
                0x0000fbe4                canErrorNotification
                0x0000fbe8                canStatusChangeNotification
                0x0000fbec                canMessageNotification
                0x0000fbf0                dccNotification
                0x0000fbf4                gioNotification
                0x0000fbf8                i2cNotification
                0x0000fbfc                linNotification
                0x0000fc00                mibspiNotification
                0x0000fc04                mibspiGroupNotification
                0x0000fc08                sciNotification
                0x0000fc0c                pwmNotification
                0x0000fc10                edgeNotification
                0x0000fc14                hetNotification
                0x0000fc18                crcNotification
                0x0000fc1c                etpwmNotification
                0x0000fc20                etpwmTripNotification
                0x0000fc24                eqepNotification
                0x0000fc28                ecapNotification
                0x0000fc2c                epcCAMFullNotification
                0x0000fc30                epcFIFOFullNotification
                0x0000fc34                emacTxNotification
                0x0000fc38                emacRxNotification
 .text          0x0000fc3c      0x514 ./source/HL_phy_dp83640.o
                0x0000fc3c                Dp83640IDGet
                0x0000fc90                Dp83640LinkStatusGet
                0x0000fd40                Dp83640AutoNegotiate
                0x0000fe94                Dp83640PartnerAbilityGet
                0x0000fea8                Dp83640Reset
                0x0000ff10                Dp83640EnableLoopback
                0x0000ff70                Dp83640DisableLoopback
                0x0000ffd0                Dp83640GetTimeStamp
                0x0001013c                Dp83640PartnerSpdGet
 .text          0x00010150      0x52c ./source/HL_phy_tlk111.o
                0x00010150                Tlk111IDGet
                0x000101a4                Tlk111SwStrap
                0x000101fc                Tlk111LinkStatusGet
                0x000102ac                Tlk111AutoNegotiate
                0x00010400                Tlk111PartnerAbilityGet
                0x00010414                Tlk111Reset
                0x0001043c                Tlk111EnableLoopback
                0x0001049c                Tlk111DisableLoopback
                0x000104fc                Tlk111GetTimeStamp
                0x00010668                Tlk111PartnerSpdGet
 .text          0x0001067c      0x650 ./source/HL_pinmux.o
                0x0001067c                muxInit
 .text          0x00010ccc      0x540 ./source/HL_pom.o
                0x00010ccc                POM_Region_Config
                0x00010cfc                POM_Reset
                0x00010d10                POM_Init
                0x00010d3c                POM_Enable
                0x00010d58                pomGetConfigValue
 *fill*         0x0001120c        0x4 
 .text          0x00011210      0x610 ./source/HL_sci.o
                0x00011210                sciInit
                0x000112f8                sciSetFunctional
                0x00011300                sciSetBaudrate
                0x00011368                sciIsTxReady
                0x00011374                sciSendByte
                0x00011388                sciSend
                0x00011468                sciIsRxReady
                0x00011474                sciIsIdleDetected
                0x00011480                sciRxError
                0x00011494                sciReceiveByte
                0x000114ac                sciReceive
                0x0001155c                sciEnableLoopback
                0x00011574                sciDisableLoopback
                0x00011580                sciEnableNotification
                0x00011608                sciDisableNotification
                0x00011690                sciEnterResetState
                0x000116a0                sciExitResetState
                0x000116b0                sci3GetConfigValue
                0x00011768                sci4GetConfigValue
 .text          0x00011820      0x3bc ./source/HL_sys_core.o
                0x00011820                _coreInitRegisters_
                0x0001192c                _coreInitStackPointer_
                0x00011978                _getCPSRValue_
                0x00011980                _gotoCPUIdle_
                0x00011998                _coreEnableVfp_
                0x000119b0                _coreEnableEventBusExport_
                0x000119c0                _coreDisableEventBusExport_
                0x000119d0                _coreEnableIrqVicOffset_
                0x000119e0                _coreGetDataFault_
                0x000119e8                _coreClearDataFault_
                0x000119f4                _coreGetInstructionFault_
                0x000119fc                _coreClearInstructionFault_
                0x00011a08                _coreGetDataFaultAddress_
                0x00011a10                _coreClearDataFaultAddress_
                0x00011a1c                _coreGetInstructionFaultAddress_
                0x00011a24                _coreClearInstructionFaultAddress_
                0x00011a30                _coreGetAuxiliaryDataFault_
                0x00011a38                _coreClearAuxiliaryDataFault_
                0x00011a44                _coreGetAuxiliaryInstructionFault_
                0x00011a4c                _coreClearAuxiliaryInstructionFault_
                0x00011a58                _disable_IRQ_interrupt_
                0x00011a60                _enable_IRQ_interrupt_
                0x00011a68                _enable_interrupt_
                0x00011a70                _esmCcmErrorsClear_
                0x00011af8                _memInit_
                0x00011b2c                _checkMemInitOn_
                0x00011b4c                _cacheEnable_
                0x00011b90                _cacheDisable_
                0x00011bb4                _dCacheInvalidate_
                0x00011bc8                _iCacheInvalidate_
 .text          0x00011bdc      0x4f4 ./source/HL_sys_dma.o
                0x00011bdc                dmaEnable
                0x00011bf8                dmaDisable
                0x00011c18                dmaSetCtrlPacket
                0x00011cf4                dmaSetChEnable
                0x00011d24                dmaReqAssign
                0x00011d5c                dmaSetPriority
                0x00011d8c                dmaEnableInterrupt
                0x00011e28                dmaDisableInterrupt
                0x00011e94                dmaDefineRegion
                0x00011ecc                dmaEnableRegion
                0x00011f64                dmaDisableRegion
                0x00011fb0                dmaEnableECC
                0x00011fc0                dmaDisableECC
                0x00011fd0                dmaGetReq
                0x00012000                dmaIsChannelActive
                0x00012024                dmaIsBusy
                0x00012044                dmaGetInterruptStatus
 .text          0x000120d0        0x0 ./source/HL_sys_intvecs.o
 .text          0x000120d0        0x8 ./source/HL_sys_main.o
                0x000120d0                main
 .text          0x000120d8      0x36c ./source/HL_sys_mpu.o
                0x000120d8                _mpuInit_
                0x00012390                _mpuEnable_
                0x000123a8                _mpuDisable_
                0x000123c0                _mpuEnableBackgroundRegion_
                0x000123d0                _mpuDisableBackgroundRegion_
                0x000123e0                _mpuGetNumberOfRegions_
                0x000123ec                _mpuAreRegionsSeparate_
                0x000123f8                _mpuSetRegion_
                0x00012400                _mpuGetRegion_
                0x00012408                _mpuSetRegionBaseAddress_
                0x00012410                _mpuGetRegionBaseAddress_
                0x00012418                _mpuSetRegionTypeAndPermission_
                0x00012424                _mpuGetRegionType_
                0x00012430                _mpuGetRegionPermission_
                0x0001243c                _mpuSetRegionSizeRegister_
 .text          0x00012444      0x6d8 ./source/HL_sys_pcr.o
                0x00012444                peripheral_Memory_Protection_Set
                0x00012470                peripheral_Memory_Protection_Clr
                0x0001249c                peripheral_Frame_Protection_Set
                0x00012508                peripheral_Frame_Protection_Clr
                0x00012574                peripheral_Memory_PowerDown_Set
                0x000125a0                peripheral_Memory_PowerDown_Clr
                0x000125cc                peripheral_Frame_PowerDown_Set
                0x00012638                peripheral_Frame_PowerDown_Clr
                0x000126a4                peripheral_Frame_MasterIDFilter_Enable
                0x0001273c                peripheral_Frame_MasterIDFilter_Disable
                0x000127d4                privileged_Peripheral_Frame_MasterIDFilter_Enable
                0x0001286c                privileged_Peripheral_Frame_MasterIDFilter_Disable
                0x00012904                privileged_Peripheral_Extended_Frame_MasterIDFilter_Enable
                0x0001299c                privileged_Peripheral_Extended_Frame_MasterIDFilter_Disable
                0x00012a34                peripheral_Memory_MasterIDFilter_Enable
                0x00012a68                peripheral_Memory_MasterIDFilter_Disable
                0x00012a9c                privileged_Peripheral_Memory_MasterIDFilter_Enable
                0x00012ad0                privileged_Peripheral_Memory_MasterIDFilter_Disable
                0x00012b04                pcrEnableMasterIDCheck
                0x00012b10                pcrDisableMasterIDCheck
 .text          0x00012b1c        0x4 ./source/HL_sys_phantom.o
                0x00012b1c                phantomInterrupt
 .text          0x00012b20      0x1e4 ./source/HL_sys_pmm.o
                0x00012b20                pmmTurnONLogicPowerDomain
                0x00012bfc                pmmTurnOFFLogicPowerDomain
                0x00012ccc                pmmIsLogicPowerDomainActive
 .text          0x00012d04       0xe0 ./source/HL_sys_pmu.o
                0x00012d04                _pmuInit_
                0x00012d50                _pmuEnableCountersGlobal_
                0x00012d60                _pmuDisableCountersGlobal_
                0x00012d70                _pmuResetCycleCounter_
                0x00012d80                _pmuResetEventCounters_
                0x00012d90                _pmuResetCounters_
                0x00012da0                _pmuStartCounters_
                0x00012da8                _pmuStopCounters_
                0x00012db0                _pmuSetCountEvent_
                0x00012dbc                _pmuGetCycleCount_
                0x00012dc4                _pmuGetEventCount_
                0x00012dd0                _pmuGetOverflow_
 .text          0x00012de4      0x124 ./source/HL_sys_startup.o
                0x00012de4                handlePLLLockFail
                0x00012de8                _c_int00
 .text          0x00012f08      0x730 ./source/HL_sys_vim.o
                0x00012f08                vimECCErrorHandler
                0x000130d8                vimInit
                0x00013164                vimChannelMap
                0x000131b8                vimEnableInterrupt
                0x0001331c                vimDisableInterrupt
                0x00013394                vimGetConfigValue
 .text          0x00013638      0x634 ./source/HL_system.o
                0x00013638                setupPLL
                0x00013698                setupFlash
                0x000136d4                periphInit
                0x00013738                mapClocks
                0x00013800                systemPowerDown
                0x00013820                getResetSource
                0x0001392c                systemGetConfigValue
                0x00013ba4                customTrimLPO
                0x00013bb8                trimLPO
                0x00013c1c                systemInit
 .text          0x00013c6c        0x0 ./source/os_croutine.o
 .text          0x00013c6c        0x0 ./source/os_event_groups.o
 .text          0x00013c6c      0x108 ./source/os_heap.o
 .text          0x00013d74      0x104 ./source/os_list.o
                0x00013d74                vListInitialise
                0x00013d98                vListInitialiseItem
                0x00013da4                vListInsertEnd
                0x00013dd4                vListInsert
                0x00013e2c                uxListRemove
 .text          0x00013e78      0xa08 ./source/os_mpu_wrappers.o
                0x00013e78                prvRaisePrivilege
                0x00013e80                MPU_xTaskCreate
                0x00013ed8                MPU_xTaskCreateRestricted
                0x00013f08                MPU_vTaskAllocateMPURegions
                0x00013f38                MPU_vTaskDelete
                0x00013f60                MPU_vTaskDelay
                0x00013f88                MPU_vTaskDelayUntil
                0x00013fb8                MPU_xTaskAbortDelay
                0x00013fe0                MPU_uxTaskPriorityGet
                0x00014008                MPU_eTaskGetState
                0x00014030                MPU_vTaskPrioritySet
                0x00014060                MPU_vTaskSuspend
                0x00014088                MPU_vTaskResume
                0x000140b0                MPU_vTaskSuspendAll
                0x000140d0                MPU_xTaskResumeAll
                0x000140f0                MPU_xTaskGetTickCount
                0x00014110                MPU_uxTaskGetNumberOfTasks
                0x00014130                MPU_pcTaskGetName
                0x00014158                MPU_xTaskGetHandle
                0x00014180                MPU_uxTaskGetStackHighWaterMark
                0x000141a8                MPU_vTaskSetThreadLocalStoragePointer
                0x000141e0                MPU_pvTaskGetThreadLocalStoragePointer
                0x00014210                MPU_xTaskGetIdleTaskHandle
                0x00014230                MPU_xTaskGenericNotify
                0x00014270                MPU_xTaskNotifyWait
                0x000142b0                MPU_ulTaskNotifyTake
                0x000142e0                MPU_xTaskNotifyStateClear
                0x00014308                MPU_vTaskSetTimeOutState
                0x00014330                MPU_xTaskCheckForTimeOut
                0x00014360                MPU_xTaskGetSchedulerState
                0x00014380                MPU_xQueueGenericSend
                0x000143c0                MPU_xQueueGenericReceive
                0x00014400                MPU_uxQueueMessagesWaiting
                0x00014428                MPU_uxQueueSpacesAvailable
                0x00014450                MPU_vQueueDelete
                0x00014478                MPU_xQueueCreateMutex
                0x000144a0                MPU_xQueueCreateCountingSemaphore
                0x000144d0                MPU_xQueueTakeMutexRecursive
                0x00014500                MPU_xQueueGiveMutexRecursive
                0x00014528                MPU_xQueueGenericCreate
                0x00014560                MPU_xQueueGenericReset
                0x00014590                MPU_xTimerCreate
                0x000145e0                MPU_pvTimerGetTimerID
                0x00014608                MPU_vTimerSetTimerID
                0x00014638                MPU_xTimerIsTimerActive
                0x00014660                MPU_xTimerGetTimerDaemonTaskHandle
                0x00014680                MPU_pcTimerGetName
                0x000146a8                MPU_xTimerGetPeriod
                0x000146d0                MPU_xTimerGetExpiryTime
                0x000146f8                MPU_xTimerGenericCommand
                0x00014748                MPU_xEventGroupCreate
                0x00014768                MPU_xEventGroupWaitBits
                0x000147b8                MPU_xEventGroupClearBits
                0x000147e8                MPU_xEventGroupSetBits
                0x00014818                MPU_xEventGroupSync
                0x00014858                MPU_vEventGroupDelete
 .text          0x00014880       0x8c ./source/os_port.o
 .text          0x0001490c        0x0 ./source/os_portasm.o
 .text          0x0001490c        0x0 ./source/os_queue.o
 .text          0x0001490c       0xf8 ./source/os_tasks.o
                0x000149bc                xTaskNotifyStateClear
 .text          0x00014a04        0x0 ./source/os_timer.o
 .text          0x00014a04        0x0 c:/dev/tools/ti/ccs1010/ccs/tools/compiler/gcc-arm-none-eabi-7-2017-q4-major-win32/bin/../lib/gcc/arm-none-eabi/7.2.1/../../../../arm-none-eabi/lib/hard\libc.a(lib_a-exit.o)
 .text          0x00014a04        0x0 c:/dev/tools/ti/ccs1010/ccs/tools/compiler/gcc-arm-none-eabi-7-2017-q4-major-win32/bin/../lib/gcc/arm-none-eabi/7.2.1/../../../../arm-none-eabi/lib/hard\libc.a(lib_a-impure.o)
 .text          0x00014a04        0x0 c:/dev/tools/ti/ccs1010/ccs/tools/compiler/gcc-arm-none-eabi-7-2017-q4-major-win32/bin/../lib/gcc/arm-none-eabi/7.2.1/../../../../arm-none-eabi/lib/hard\libc.a(lib_a-init.o)
 .text          0x00014a04        0x0 c:/dev/tools/ti/ccs1010/ccs/tools/compiler/gcc-arm-none-eabi-7-2017-q4-major-win32/bin/../lib/gcc/arm-none-eabi/7.2.1/../../../../arm-none-eabi/lib/hard\libc.a(lib_a-memcpy-stub.o)
 .text          0x00014a04        0x0 c:/dev/tools/ti/ccs1010/ccs/tools/compiler/gcc-arm-none-eabi-7-2017-q4-major-win32/bin/../lib/gcc/arm-none-eabi/7.2.1/../../../../arm-none-eabi/lib/hard\libc.a(lib_a-memset.o)
 .text          0x00014a04        0x0 c:/dev/tools/ti/ccs1010/ccs/tools/compiler/gcc-arm-none-eabi-7-2017-q4-major-win32/bin/../lib/gcc/arm-none-eabi/7.2.1/../../../../arm-none-eabi/lib/hard\libc.a(lib_a-strlen-stub.o)
 .text          0x00014a04        0x0 c:/dev/tools/ti/ccs1010/ccs/tools/compiler/gcc-arm-none-eabi-7-2017-q4-major-win32/bin/../lib/gcc/arm-none-eabi/7.2.1/../../../../arm-none-eabi/lib/hard\libc.a(lib_a-__call_atexit.o)
 .text          0x00014a04        0x0 c:/dev/tools/ti/ccs1010/ccs/tools/compiler/gcc-arm-none-eabi-7-2017-q4-major-win32/bin/../lib/gcc/arm-none-eabi/7.2.1/../../../../arm-none-eabi/lib/hard\libc.a(lib_a-atexit.o)
 .text          0x00014a04        0x0 c:/dev/tools/ti/ccs1010/ccs/tools/compiler/gcc-arm-none-eabi-7-2017-q4-major-win32/bin/../lib/gcc/arm-none-eabi/7.2.1/../../../../arm-none-eabi/lib/hard\libc.a(lib_a-fini.o)
 .text          0x00014a04        0x0 c:/dev/tools/ti/ccs1010/ccs/tools/compiler/gcc-arm-none-eabi-7-2017-q4-major-win32/bin/../lib/gcc/arm-none-eabi/7.2.1/../../../../arm-none-eabi/lib/hard\libc.a(lib_a-lock.o)
 .text          0x00014a04        0x0 c:/dev/tools/ti/ccs1010/ccs/tools/compiler/gcc-arm-none-eabi-7-2017-q4-major-win32/bin/../lib/gcc/arm-none-eabi/7.2.1/../../../../arm-none-eabi/lib/hard\libc.a(lib_a-__atexit.o)
 .text          0x00014a04        0x0 c:/dev/tools/ti/ccs1010/ccs/tools/compiler/gcc-arm-none-eabi-7-2017-q4-major-win32/bin/../lib/gcc/arm-none-eabi/7.2.1/../../../../arm-none-eabi/lib/hard\libm.a(lib_a-s_floor.o)
 .text          0x00014a04      0x114 c:/dev/tools/ti/ccs1010/ccs/tools/compiler/gcc-arm-none-eabi-7-2017-q4-major-win32/bin/../lib/gcc/arm-none-eabi/7.2.1/hard\libgcc.a(_udivsi3.o)
                0x00014a04                __aeabi_uidiv
                0x00014a04                __udivsi3
                0x00014af8                __aeabi_uidivmod
 .text          0x00014b18        0x4 c:/dev/tools/ti/ccs1010/ccs/tools/compiler/gcc-arm-none-eabi-7-2017-q4-major-win32/bin/../lib/gcc/arm-none-eabi/7.2.1/hard\libgcc.a(_dvmd_tls.o)
                0x00014b18                __aeabi_idiv0
                0x00014b18                __aeabi_ldiv0
 .text          0x00014b1c        0x0 c:/dev/tools/ti/ccs1010/ccs/tools/compiler/gcc-arm-none-eabi-7-2017-q4-major-win32/bin/../lib/gcc/arm-none-eabi/7.2.1/../../../../arm-none-eabi/lib/hard\libnosys.a(_exit.o)
 .text          0x00014b1c        0x0 c:/dev/tools/ti/ccs1010/ccs/tools/compiler/gcc-arm-none-eabi-7-2017-q4-major-win32/bin/../lib/gcc/arm-none-eabi/7.2.1/hard/crtend.o
 .text          0x00014b1c        0x0 c:/dev/tools/ti/ccs1010/ccs/tools/compiler/gcc-arm-none-eabi-7-2017-q4-major-win32/bin/../lib/gcc/arm-none-eabi/7.2.1/hard/crtn.o
 *(.text*)
 .text.exit     0x00014b1c       0x34 c:/dev/tools/ti/ccs1010/ccs/tools/compiler/gcc-arm-none-eabi-7-2017-q4-major-win32/bin/../lib/gcc/arm-none-eabi/7.2.1/../../../../arm-none-eabi/lib/hard\libc.a(lib_a-exit.o)
                0x00014b1c                exit
 .text.__libc_init_array
                0x00014b50       0x88 c:/dev/tools/ti/ccs1010/ccs/tools/compiler/gcc-arm-none-eabi-7-2017-q4-major-win32/bin/../lib/gcc/arm-none-eabi/7.2.1/../../../../arm-none-eabi/lib/hard\libc.a(lib_a-init.o)
                0x00014b50                __libc_init_array
 .text.memcpy   0x00014bd8      0x110 c:/dev/tools/ti/ccs1010/ccs/tools/compiler/gcc-arm-none-eabi-7-2017-q4-major-win32/bin/../lib/gcc/arm-none-eabi/7.2.1/../../../../arm-none-eabi/lib/hard\libc.a(lib_a-memcpy-stub.o)
                0x00014bd8                memcpy
 .text.memset   0x00014ce8      0x114 c:/dev/tools/ti/ccs1010/ccs/tools/compiler/gcc-arm-none-eabi-7-2017-q4-major-win32/bin/../lib/gcc/arm-none-eabi/7.2.1/../../../../arm-none-eabi/lib/hard\libc.a(lib_a-memset.o)
                0x00014ce8                memset
 .text.strlen   0x00014dfc       0x60 c:/dev/tools/ti/ccs1010/ccs/tools/compiler/gcc-arm-none-eabi-7-2017-q4-major-win32/bin/../lib/gcc/arm-none-eabi/7.2.1/../../../../arm-none-eabi/lib/hard\libc.a(lib_a-strlen-stub.o)
                0x00014dfc                strlen
 .text.startup.register_fini
                0x00014e5c       0x28 c:/dev/tools/ti/ccs1010/ccs/tools/compiler/gcc-arm-none-eabi-7-2017-q4-major-win32/bin/../lib/gcc/arm-none-eabi/7.2.1/../../../../arm-none-eabi/lib/hard\libc.a(lib_a-__call_atexit.o)
 .text.__call_exitprocs
                0x00014e84      0x188 c:/dev/tools/ti/ccs1010/ccs/tools/compiler/gcc-arm-none-eabi-7-2017-q4-major-win32/bin/../lib/gcc/arm-none-eabi/7.2.1/../../../../arm-none-eabi/lib/hard\libc.a(lib_a-__call_atexit.o)
                0x00014e84                __call_exitprocs
 .text.atexit   0x0001500c       0x20 c:/dev/tools/ti/ccs1010/ccs/tools/compiler/gcc-arm-none-eabi-7-2017-q4-major-win32/bin/../lib/gcc/arm-none-eabi/7.2.1/../../../../arm-none-eabi/lib/hard\libc.a(lib_a-atexit.o)
                0x0001500c                atexit
 .text.__libc_fini_array
                0x0001502c       0x48 c:/dev/tools/ti/ccs1010/ccs/tools/compiler/gcc-arm-none-eabi-7-2017-q4-major-win32/bin/../lib/gcc/arm-none-eabi/7.2.1/../../../../arm-none-eabi/lib/hard\libc.a(lib_a-fini.o)
                0x0001502c                __libc_fini_array
 .text.__retarget_lock_init
                0x00015074        0x4 c:/dev/tools/ti/ccs1010/ccs/tools/compiler/gcc-arm-none-eabi-7-2017-q4-major-win32/bin/../lib/gcc/arm-none-eabi/7.2.1/../../../../arm-none-eabi/lib/hard\libc.a(lib_a-lock.o)
                0x00015074                __retarget_lock_init
 .text.__retarget_lock_init_recursive
                0x00015078        0x4 c:/dev/tools/ti/ccs1010/ccs/tools/compiler/gcc-arm-none-eabi-7-2017-q4-major-win32/bin/../lib/gcc/arm-none-eabi/7.2.1/../../../../arm-none-eabi/lib/hard\libc.a(lib_a-lock.o)
                0x00015078                __retarget_lock_init_recursive
 .text.__retarget_lock_close
                0x0001507c        0x4 c:/dev/tools/ti/ccs1010/ccs/tools/compiler/gcc-arm-none-eabi-7-2017-q4-major-win32/bin/../lib/gcc/arm-none-eabi/7.2.1/../../../../arm-none-eabi/lib/hard\libc.a(lib_a-lock.o)
                0x0001507c                __retarget_lock_close
 .text.__retarget_lock_close_recursive
                0x00015080        0x4 c:/dev/tools/ti/ccs1010/ccs/tools/compiler/gcc-arm-none-eabi-7-2017-q4-major-win32/bin/../lib/gcc/arm-none-eabi/7.2.1/../../../../arm-none-eabi/lib/hard\libc.a(lib_a-lock.o)
                0x00015080                __retarget_lock_close_recursive
 .text.__retarget_lock_acquire
                0x00015084        0x4 c:/dev/tools/ti/ccs1010/ccs/tools/compiler/gcc-arm-none-eabi-7-2017-q4-major-win32/bin/../lib/gcc/arm-none-eabi/7.2.1/../../../../arm-none-eabi/lib/hard\libc.a(lib_a-lock.o)
                0x00015084                __retarget_lock_acquire
 .text.__retarget_lock_acquire_recursive
                0x00015088        0x4 c:/dev/tools/ti/ccs1010/ccs/tools/compiler/gcc-arm-none-eabi-7-2017-q4-major-win32/bin/../lib/gcc/arm-none-eabi/7.2.1/../../../../arm-none-eabi/lib/hard\libc.a(lib_a-lock.o)
                0x00015088                __retarget_lock_acquire_recursive
 .text.__retarget_lock_try_acquire
                0x0001508c        0x8 c:/dev/tools/ti/ccs1010/ccs/tools/compiler/gcc-arm-none-eabi-7-2017-q4-major-win32/bin/../lib/gcc/arm-none-eabi/7.2.1/../../../../arm-none-eabi/lib/hard\libc.a(lib_a-lock.o)
                0x0001508c                __retarget_lock_try_acquire
 .text.__retarget_lock_try_acquire_recursive
                0x00015094        0x8 c:/dev/tools/ti/ccs1010/ccs/tools/compiler/gcc-arm-none-eabi-7-2017-q4-major-win32/bin/../lib/gcc/arm-none-eabi/7.2.1/../../../../arm-none-eabi/lib/hard\libc.a(lib_a-lock.o)
                0x00015094                __retarget_lock_try_acquire_recursive
 .text.__retarget_lock_release
                0x0001509c        0x4 c:/dev/tools/ti/ccs1010/ccs/tools/compiler/gcc-arm-none-eabi-7-2017-q4-major-win32/bin/../lib/gcc/arm-none-eabi/7.2.1/../../../../arm-none-eabi/lib/hard\libc.a(lib_a-lock.o)
                0x0001509c                __retarget_lock_release
 .text.__retarget_lock_release_recursive
                0x000150a0        0x4 c:/dev/tools/ti/ccs1010/ccs/tools/compiler/gcc-arm-none-eabi-7-2017-q4-major-win32/bin/../lib/gcc/arm-none-eabi/7.2.1/../../../../arm-none-eabi/lib/hard\libc.a(lib_a-lock.o)
                0x000150a0                __retarget_lock_release_recursive
 .text.__register_exitproc
                0x000150a4      0x100 c:/dev/tools/ti/ccs1010/ccs/tools/compiler/gcc-arm-none-eabi-7-2017-q4-major-win32/bin/../lib/gcc/arm-none-eabi/7.2.1/../../../../arm-none-eabi/lib/hard\libc.a(lib_a-__atexit.o)
                0x000150a4                __register_exitproc
 *fill*         0x000151a4        0x4 
 .text.floor    0x000151a8      0x17c c:/dev/tools/ti/ccs1010/ccs/tools/compiler/gcc-arm-none-eabi-7-2017-q4-major-win32/bin/../lib/gcc/arm-none-eabi/7.2.1/../../../../arm-none-eabi/lib/hard\libm.a(lib_a-s_floor.o)
                0x000151a8                floor
 .text._exit    0x00015324        0x4 c:/dev/tools/ti/ccs1010/ccs/tools/compiler/gcc-arm-none-eabi-7-2017-q4-major-win32/bin/../lib/gcc/arm-none-eabi/7.2.1/../../../../arm-none-eabi/lib/hard\libnosys.a(_exit.o)
                0x00015324                _exit
 *(.glue_7)
 .glue_7        0x00015328        0x0 linker stubs
 *(.glue_7t)
 .glue_7t       0x00015328        0x0 linker stubs
 *(.eh_frame)
 .eh_frame      0x00015328        0x0 c:/dev/tools/ti/ccs1010/ccs/tools/compiler/gcc-arm-none-eabi-7-2017-q4-major-win32/bin/../lib/gcc/arm-none-eabi/7.2.1/hard/crtbegin.o
 .eh_frame      0x00015328        0x4 c:/dev/tools/ti/ccs1010/ccs/tools/compiler/gcc-arm-none-eabi-7-2017-q4-major-win32/bin/../lib/gcc/arm-none-eabi/7.2.1/hard/crtend.o
 *(.init)
 .init          0x0001532c        0xc c:/dev/tools/ti/ccs1010/ccs/tools/compiler/gcc-arm-none-eabi-7-2017-q4-major-win32/bin/../lib/gcc/arm-none-eabi/7.2.1/hard/crti.o
                0x0001532c                _init
 .init          0x00015338        0xc c:/dev/tools/ti/ccs1010/ccs/tools/compiler/gcc-arm-none-eabi-7-2017-q4-major-win32/bin/../lib/gcc/arm-none-eabi/7.2.1/hard/crtn.o
 *(.fini)
 .fini          0x00015344        0xc c:/dev/tools/ti/ccs1010/ccs/tools/compiler/gcc-arm-none-eabi-7-2017-q4-major-win32/bin/../lib/gcc/arm-none-eabi/7.2.1/hard/crti.o
                0x00015344                _fini
 .fini          0x00015350        0xc c:/dev/tools/ti/ccs1010/ccs/tools/compiler/gcc-arm-none-eabi-7-2017-q4-major-win32/bin/../lib/gcc/arm-none-eabi/7.2.1/hard/crtn.o
                0x0001535c                . = ALIGN (0x4)
                0x0001535c                _etext = .

.vfp11_veneer   0x0001535c        0x0
 .vfp11_veneer  0x0001535c        0x0 linker stubs

.v4_bx          0x0001535c        0x0
 .v4_bx         0x0001535c        0x0 linker stubs

.iplt           0x0001535c        0x0
 .iplt          0x0001535c        0x0 c:/dev/tools/ti/ccs1010/ccs/tools/compiler/gcc-arm-none-eabi-7-2017-q4-major-win32/bin/../lib/gcc/arm-none-eabi/7.2.1/hard/crtbegin.o

.rodata         0x0001535c      0x2a4
                0x0001535c                . = ALIGN (0x4)
 *(.rodata)
 .rodata        0x0001535c       0x30 ./source/HL_adc.o
 .rodata        0x0001538c       0x20 ./source/HL_can.o
 .rodata        0x000153ac       0x40 ./source/HL_het.o
 .rodata        0x000153ec      0x200 ./source/HL_sys_vim.o
 *(.rodata*)
 .rodata.str1.4
                0x000155ec        0x5 ./source/os_tasks.o
 *fill*         0x000155f1        0x3 
 .rodata.str1.4
                0x000155f4        0x8 ./source/os_timer.o
 .rodata._global_impure_ptr
                0x000155fc        0x4 c:/dev/tools/ti/ccs1010/ccs/tools/compiler/gcc-arm-none-eabi-7-2017-q4-major-win32/bin/../lib/gcc/arm-none-eabi/7.2.1/../../../../arm-none-eabi/lib/hard\libc.a(lib_a-impure.o)
                0x000155fc                _global_impure_ptr
                0x00015600                . = ALIGN (0x4)

.ARM.extab      0x08001000        0x0
 *(.ARM.extab* .gnu.linkonce.armextab.*)
 .ARM.extab     0x08001000        0x0 c:/dev/tools/ti/ccs1010/ccs/tools/compiler/gcc-arm-none-eabi-7-2017-q4-major-win32/bin/../lib/gcc/arm-none-eabi/7.2.1/../../../../arm-none-eabi/lib/hard/crt0.o

.ARM            0x00015600        0x8
                0x00015600                __exidx_start = .
 *(.ARM.exidx*)
 .ARM.exidx     0x00015600        0x8 c:/dev/tools/ti/ccs1010/ccs/tools/compiler/gcc-arm-none-eabi-7-2017-q4-major-win32/bin/../lib/gcc/arm-none-eabi/7.2.1/../../../../arm-none-eabi/lib/hard/crt0.o
                0x00015608                __exidx_end = .

.rel.dyn        0x00015608        0x0
 .rel.iplt      0x00015608        0x0 c:/dev/tools/ti/ccs1010/ccs/tools/compiler/gcc-arm-none-eabi-7-2017-q4-major-win32/bin/../lib/gcc/arm-none-eabi/7.2.1/hard/crtbegin.o

.preinit_array  0x00015608        0x0
                0x00015608                PROVIDE (__preinit_array_start, .)
 *(.preinit_array*)
                0x00015608                PROVIDE (__preinit_array_end, .)

.init_array     0x00015608        0x8
                0x00015608                PROVIDE (__init_array_start, .)
 *(SORT_BY_NAME(.init_array.*))
 .init_array.00000
                0x00015608        0x4 c:/dev/tools/ti/ccs1010/ccs/tools/compiler/gcc-arm-none-eabi-7-2017-q4-major-win32/bin/../lib/gcc/arm-none-eabi/7.2.1/../../../../arm-none-eabi/lib/hard\libc.a(lib_a-__call_atexit.o)
 *(.init_array*)
 .init_array    0x0001560c        0x4 c:/dev/tools/ti/ccs1010/ccs/tools/compiler/gcc-arm-none-eabi-7-2017-q4-major-win32/bin/../lib/gcc/arm-none-eabi/7.2.1/hard/crtbegin.o
                0x00015610                PROVIDE (__init_array_end, .)

.fini_array     0x00015610        0x4
                0x00015610                PROVIDE (__fini_array_start, .)
 *(SORT_BY_NAME(.fini_array.*))
 *(.fini_array*)
 .fini_array    0x00015610        0x4 c:/dev/tools/ti/ccs1010/ccs/tools/compiler/gcc-arm-none-eabi-7-2017-q4-major-win32/bin/../lib/gcc/arm-none-eabi/7.2.1/hard/crtbegin.o
                0x00015614                PROVIDE (__fini_array_end, .)
                0x00015614                _sidata = LOADADDR (.data)

.data           0x08001000      0xb84 load address 0x00015614
                0x08001000                . = ALIGN (0x4)
                0x08001000                _sdata = .
 *(.data)
 .data          0x08001000        0x0 c:/dev/tools/ti/ccs1010/ccs/tools/compiler/gcc-arm-none-eabi-7-2017-q4-major-win32/bin/../lib/gcc/arm-none-eabi/7.2.1/hard/crti.o
 .data          0x08001000        0x4 c:/dev/tools/ti/ccs1010/ccs/tools/compiler/gcc-arm-none-eabi-7-2017-q4-major-win32/bin/../lib/gcc/arm-none-eabi/7.2.1/hard/crtbegin.o
                0x08001000                __dso_handle
 .data          0x08001004        0x0 c:/dev/tools/ti/ccs1010/ccs/tools/compiler/gcc-arm-none-eabi-7-2017-q4-major-win32/bin/../lib/gcc/arm-none-eabi/7.2.1/../../../../arm-none-eabi/lib/hard/crt0.o
 .data          0x08001004        0x0 ./source/HL_adc.o
 .data          0x08001004        0x0 ./source/HL_can.o
 .data          0x08001004        0x0 ./source/HL_crc.o
 .data          0x08001004        0x0 ./source/HL_dcc.o
 .data          0x08001004        0x0 ./source/HL_ecap.o
 .data          0x08001004        0x0 ./source/HL_emac.o
 .data          0x08001004        0x0 ./source/HL_emif.o
 .data          0x08001004        0x0 ./source/HL_epc.o
 .data          0x08001004        0x0 ./source/HL_eqep.o
 .data          0x08001004        0x0 ./source/HL_errata.o
 .data          0x08001004        0x0 ./source/HL_errata_SSWF021_45.o
 .data          0x08001004        0x0 ./source/HL_esm.o
 .data          0x08001004        0x0 ./source/HL_etpwm.o
 .data          0x08001004        0x0 ./source/HL_gio.o
 .data          0x08001004      0x740 ./source/HL_het.o
 .data          0x08001744        0x0 ./source/HL_i2c.o
 .data          0x08001744        0x0 ./source/HL_lin.o
 .data          0x08001744        0x0 ./source/HL_mdio.o
 .data          0x08001744        0x0 ./source/HL_mibspi.o
 .data          0x08001744        0x0 ./source/HL_nmpu.o
 .data          0x08001744        0x0 ./source/HL_notification.o
 .data          0x08001744        0x0 ./source/HL_phy_dp83640.o
 .data          0x08001744        0x0 ./source/HL_phy_tlk111.o
 .data          0x08001744        0x0 ./source/HL_pinmux.o
 .data          0x08001744        0x0 ./source/HL_pom.o
 .data          0x08001744        0x0 ./source/HL_sci.o
 .data          0x08001744        0x0 ./source/HL_sys_core.o
 .data          0x08001744        0x0 ./source/HL_sys_dma.o
 .data          0x08001744        0x0 ./source/HL_sys_intvecs.o
 .data          0x08001744        0xa ./source/HL_sys_main.o
                0x08001744                emacPhyAddress
                0x08001748                emacAddress
 .data          0x0800174e        0x0 ./source/HL_sys_mpu.o
 .data          0x0800174e        0x0 ./source/HL_sys_pcr.o
 .data          0x0800174e        0x0 ./source/HL_sys_phantom.o
 .data          0x0800174e        0x0 ./source/HL_sys_pmm.o
 .data          0x0800174e        0x0 ./source/HL_sys_pmu.o
 .data          0x0800174e        0x0 ./source/HL_sys_startup.o
 .data          0x0800174e        0x0 ./source/HL_sys_vim.o
 .data          0x0800174e        0x0 ./source/HL_system.o
 .data          0x0800174e        0x0 ./source/os_croutine.o
 .data          0x0800174e        0x0 ./source/os_event_groups.o
 .data          0x0800174e        0x0 ./source/os_heap.o
 .data          0x0800174e        0x0 ./source/os_list.o
 .data          0x0800174e        0x0 ./source/os_mpu_wrappers.o
 *fill*         0x0800174e        0x2 
 .data          0x08001750        0x4 ./source/os_port.o
                0x08001750                ulCriticalNesting
 .data          0x08001754        0x0 ./source/os_portasm.o
 .data          0x08001754        0x0 ./source/os_queue.o
 .data          0x08001754        0x0 ./source/os_tasks.o
 .data          0x08001754        0x0 ./source/os_timer.o
 .data          0x08001754        0x0 c:/dev/tools/ti/ccs1010/ccs/tools/compiler/gcc-arm-none-eabi-7-2017-q4-major-win32/bin/../lib/gcc/arm-none-eabi/7.2.1/../../../../arm-none-eabi/lib/hard\libc.a(lib_a-exit.o)
 .data          0x08001754        0x0 c:/dev/tools/ti/ccs1010/ccs/tools/compiler/gcc-arm-none-eabi-7-2017-q4-major-win32/bin/../lib/gcc/arm-none-eabi/7.2.1/../../../../arm-none-eabi/lib/hard\libc.a(lib_a-impure.o)
 .data          0x08001754        0x0 c:/dev/tools/ti/ccs1010/ccs/tools/compiler/gcc-arm-none-eabi-7-2017-q4-major-win32/bin/../lib/gcc/arm-none-eabi/7.2.1/../../../../arm-none-eabi/lib/hard\libc.a(lib_a-init.o)
 .data          0x08001754        0x0 c:/dev/tools/ti/ccs1010/ccs/tools/compiler/gcc-arm-none-eabi-7-2017-q4-major-win32/bin/../lib/gcc/arm-none-eabi/7.2.1/../../../../arm-none-eabi/lib/hard\libc.a(lib_a-memcpy-stub.o)
 .data          0x08001754        0x0 c:/dev/tools/ti/ccs1010/ccs/tools/compiler/gcc-arm-none-eabi-7-2017-q4-major-win32/bin/../lib/gcc/arm-none-eabi/7.2.1/../../../../arm-none-eabi/lib/hard\libc.a(lib_a-memset.o)
 .data          0x08001754        0x0 c:/dev/tools/ti/ccs1010/ccs/tools/compiler/gcc-arm-none-eabi-7-2017-q4-major-win32/bin/../lib/gcc/arm-none-eabi/7.2.1/../../../../arm-none-eabi/lib/hard\libc.a(lib_a-strlen-stub.o)
 .data          0x08001754        0x0 c:/dev/tools/ti/ccs1010/ccs/tools/compiler/gcc-arm-none-eabi-7-2017-q4-major-win32/bin/../lib/gcc/arm-none-eabi/7.2.1/../../../../arm-none-eabi/lib/hard\libc.a(lib_a-__call_atexit.o)
 .data          0x08001754        0x0 c:/dev/tools/ti/ccs1010/ccs/tools/compiler/gcc-arm-none-eabi-7-2017-q4-major-win32/bin/../lib/gcc/arm-none-eabi/7.2.1/../../../../arm-none-eabi/lib/hard\libc.a(lib_a-atexit.o)
 .data          0x08001754        0x0 c:/dev/tools/ti/ccs1010/ccs/tools/compiler/gcc-arm-none-eabi-7-2017-q4-major-win32/bin/../lib/gcc/arm-none-eabi/7.2.1/../../../../arm-none-eabi/lib/hard\libc.a(lib_a-fini.o)
 .data          0x08001754        0x0 c:/dev/tools/ti/ccs1010/ccs/tools/compiler/gcc-arm-none-eabi-7-2017-q4-major-win32/bin/../lib/gcc/arm-none-eabi/7.2.1/../../../../arm-none-eabi/lib/hard\libc.a(lib_a-lock.o)
 .data          0x08001754        0x0 c:/dev/tools/ti/ccs1010/ccs/tools/compiler/gcc-arm-none-eabi-7-2017-q4-major-win32/bin/../lib/gcc/arm-none-eabi/7.2.1/../../../../arm-none-eabi/lib/hard\libc.a(lib_a-__atexit.o)
 .data          0x08001754        0x0 c:/dev/tools/ti/ccs1010/ccs/tools/compiler/gcc-arm-none-eabi-7-2017-q4-major-win32/bin/../lib/gcc/arm-none-eabi/7.2.1/../../../../arm-none-eabi/lib/hard\libm.a(lib_a-s_floor.o)
 .data          0x08001754        0x0 c:/dev/tools/ti/ccs1010/ccs/tools/compiler/gcc-arm-none-eabi-7-2017-q4-major-win32/bin/../lib/gcc/arm-none-eabi/7.2.1/hard\libgcc.a(_udivsi3.o)
 .data          0x08001754        0x0 c:/dev/tools/ti/ccs1010/ccs/tools/compiler/gcc-arm-none-eabi-7-2017-q4-major-win32/bin/../lib/gcc/arm-none-eabi/7.2.1/hard\libgcc.a(_dvmd_tls.o)
 .data          0x08001754        0x0 c:/dev/tools/ti/ccs1010/ccs/tools/compiler/gcc-arm-none-eabi-7-2017-q4-major-win32/bin/../lib/gcc/arm-none-eabi/7.2.1/../../../../arm-none-eabi/lib/hard\libnosys.a(_exit.o)
 .data          0x08001754        0x0 c:/dev/tools/ti/ccs1010/ccs/tools/compiler/gcc-arm-none-eabi-7-2017-q4-major-win32/bin/../lib/gcc/arm-none-eabi/7.2.1/hard/crtend.o
 .data          0x08001754        0x0 c:/dev/tools/ti/ccs1010/ccs/tools/compiler/gcc-arm-none-eabi-7-2017-q4-major-win32/bin/../lib/gcc/arm-none-eabi/7.2.1/hard/crtn.o
 *(.data*)
 .data._impure_ptr
                0x08001754        0x4 c:/dev/tools/ti/ccs1010/ccs/tools/compiler/gcc-arm-none-eabi-7-2017-q4-major-win32/bin/../lib/gcc/arm-none-eabi/7.2.1/../../../../arm-none-eabi/lib/hard\libc.a(lib_a-impure.o)
                0x08001754                _impure_ptr
 .data.impure_data
                0x08001758      0x428 c:/dev/tools/ti/ccs1010/ccs/tools/compiler/gcc-arm-none-eabi-7-2017-q4-major-win32/bin/../lib/gcc/arm-none-eabi/7.2.1/../../../../arm-none-eabi/lib/hard\libc.a(lib_a-impure.o)
 .data.__atexit_recursive_mutex
                0x08001b80        0x4 c:/dev/tools/ti/ccs1010/ccs/tools/compiler/gcc-arm-none-eabi-7-2017-q4-major-win32/bin/../lib/gcc/arm-none-eabi/7.2.1/../../../../arm-none-eabi/lib/hard\libc.a(lib_a-__call_atexit.o)
                0x08001b80                __atexit_recursive_mutex
                0x08001b84                . = ALIGN (0x4)
                0x08001b84                _edata = .
                0x08001b84                . = ALIGN (0x4)
                0x08001b84                _ksdata = .
 *(.data)
 *(.data*)
                0x08001b84                . = ALIGN (0x4)
                0x08001b84                _kedata = .

.igot.plt       0x08001b84        0x0 load address 0x00016198
 .igot.plt      0x08001b84        0x0 c:/dev/tools/ti/ccs1010/ccs/tools/compiler/gcc-arm-none-eabi-7-2017-q4-major-win32/bin/../lib/gcc/arm-none-eabi/7.2.1/hard/crtbegin.o

.kernelBSS      0x08000800      0x140
                0x08000800                . = ALIGN (0x4)
                0x08000800                _kernel_bss = .
 *(.kernelBSS)
 .kernelBSS     0x08000800      0x104 ./source/os_tasks.o
                0x080008d4                pxCurrentTCB
 .kernelBSS     0x08000904       0x3c ./source/os_timer.o
 *(.kernelBSS*)
                0x08000940                _ekernel_bss = .
                0x08000940                __kernel_bss_end__ = _ekernel_bss
                0x08000800                _ksidata = LOADADDR (.kernelBSS)

.kernelHEAP
                0x08000940                . = ALIGN (0x4)

.bss            0x08001b84     0x5c24
                0x08001b84                _sbss = .
                0x08001b84                __bss_start__ = _sbss
 *(.bss)
 .bss           0x08001b84        0x0 c:/dev/tools/ti/ccs1010/ccs/tools/compiler/gcc-arm-none-eabi-7-2017-q4-major-win32/bin/../lib/gcc/arm-none-eabi/7.2.1/hard/crti.o
 .bss           0x08001b84       0x1c c:/dev/tools/ti/ccs1010/ccs/tools/compiler/gcc-arm-none-eabi-7-2017-q4-major-win32/bin/../lib/gcc/arm-none-eabi/7.2.1/hard/crtbegin.o
 .bss           0x08001ba0        0x0 c:/dev/tools/ti/ccs1010/ccs/tools/compiler/gcc-arm-none-eabi-7-2017-q4-major-win32/bin/../lib/gcc/arm-none-eabi/7.2.1/../../../../arm-none-eabi/lib/hard/crt0.o
 .bss           0x08001ba0        0x0 ./source/HL_adc.o
 .bss           0x08001ba0        0x0 ./source/HL_can.o
 .bss           0x08001ba0        0x0 ./source/HL_crc.o
 .bss           0x08001ba0        0x0 ./source/HL_dcc.o
 .bss           0x08001ba0        0x0 ./source/HL_ecap.o
 .bss           0x08001ba0     0x3b24 ./source/HL_emac.o
 .bss           0x080056c4        0x0 ./source/HL_emif.o
 .bss           0x080056c4        0x0 ./source/HL_epc.o
 .bss           0x080056c4        0x0 ./source/HL_eqep.o
 .bss           0x080056c4        0x0 ./source/HL_errata.o
 .bss           0x080056c4        0x0 ./source/HL_errata_SSWF021_45.o
 .bss           0x080056c4        0x0 ./source/HL_esm.o
 .bss           0x080056c4        0x0 ./source/HL_etpwm.o
 .bss           0x080056c4        0x0 ./source/HL_gio.o
 .bss           0x080056c4        0x0 ./source/HL_het.o
 .bss           0x080056c4       0x18 ./source/HL_i2c.o
 .bss           0x080056dc        0x0 ./source/HL_lin.o
 .bss           0x080056dc        0x0 ./source/HL_mdio.o
 .bss           0x080056dc        0x0 ./source/HL_mibspi.o
 .bss           0x080056dc        0x0 ./source/HL_nmpu.o
 .bss           0x080056dc        0x0 ./source/HL_notification.o
 .bss           0x080056dc        0x0 ./source/HL_phy_dp83640.o
 .bss           0x080056dc        0x0 ./source/HL_phy_tlk111.o
 .bss           0x080056dc        0x0 ./source/HL_pinmux.o
 .bss           0x080056dc        0x0 ./source/HL_pom.o
 .bss           0x080056dc       0x50 ./source/HL_sci.o
 .bss           0x0800572c        0x0 ./source/HL_sys_core.o
 .bss           0x0800572c        0x0 ./source/HL_sys_dma.o
 .bss           0x0800572c        0x0 ./source/HL_sys_intvecs.o
 .bss           0x0800572c        0x0 ./source/HL_sys_main.o
 .bss           0x0800572c        0x0 ./source/HL_sys_mpu.o
 .bss           0x0800572c        0x0 ./source/HL_sys_pcr.o
 .bss           0x0800572c        0x0 ./source/HL_sys_phantom.o
 .bss           0x0800572c        0x0 ./source/HL_sys_pmm.o
 .bss           0x0800572c        0x0 ./source/HL_sys_pmu.o
 .bss           0x0800572c        0x0 ./source/HL_sys_startup.o
 .bss           0x0800572c        0x0 ./source/HL_sys_vim.o
 .bss           0x0800572c        0x0 ./source/HL_system.o
 .bss           0x0800572c        0x0 ./source/os_croutine.o
 .bss           0x0800572c        0x0 ./source/os_event_groups.o
 .bss           0x0800572c     0x2018 ./source/os_heap.o
 .bss           0x08007744        0x0 ./source/os_list.o
 .bss           0x08007744        0x0 ./source/os_mpu_wrappers.o
 .bss           0x08007744        0x4 ./source/os_port.o
                0x08007744                ulTaskHasFPUContext
 .bss           0x08007748        0x0 ./source/os_portasm.o
 .bss           0x08007748        0x0 ./source/os_queue.o
 .bss           0x08007748        0x0 ./source/os_tasks.o
 .bss           0x08007748        0x0 ./source/os_timer.o
 .bss           0x08007748        0x0 c:/dev/tools/ti/ccs1010/ccs/tools/compiler/gcc-arm-none-eabi-7-2017-q4-major-win32/bin/../lib/gcc/arm-none-eabi/7.2.1/../../../../arm-none-eabi/lib/hard\libc.a(lib_a-exit.o)
 .bss           0x08007748        0x0 c:/dev/tools/ti/ccs1010/ccs/tools/compiler/gcc-arm-none-eabi-7-2017-q4-major-win32/bin/../lib/gcc/arm-none-eabi/7.2.1/../../../../arm-none-eabi/lib/hard\libc.a(lib_a-impure.o)
 .bss           0x08007748        0x0 c:/dev/tools/ti/ccs1010/ccs/tools/compiler/gcc-arm-none-eabi-7-2017-q4-major-win32/bin/../lib/gcc/arm-none-eabi/7.2.1/../../../../arm-none-eabi/lib/hard\libc.a(lib_a-init.o)
 .bss           0x08007748        0x0 c:/dev/tools/ti/ccs1010/ccs/tools/compiler/gcc-arm-none-eabi-7-2017-q4-major-win32/bin/../lib/gcc/arm-none-eabi/7.2.1/../../../../arm-none-eabi/lib/hard\libc.a(lib_a-memcpy-stub.o)
 .bss           0x08007748        0x0 c:/dev/tools/ti/ccs1010/ccs/tools/compiler/gcc-arm-none-eabi-7-2017-q4-major-win32/bin/../lib/gcc/arm-none-eabi/7.2.1/../../../../arm-none-eabi/lib/hard\libc.a(lib_a-memset.o)
 .bss           0x08007748        0x0 c:/dev/tools/ti/ccs1010/ccs/tools/compiler/gcc-arm-none-eabi-7-2017-q4-major-win32/bin/../lib/gcc/arm-none-eabi/7.2.1/../../../../arm-none-eabi/lib/hard\libc.a(lib_a-strlen-stub.o)
 .bss           0x08007748        0x0 c:/dev/tools/ti/ccs1010/ccs/tools/compiler/gcc-arm-none-eabi-7-2017-q4-major-win32/bin/../lib/gcc/arm-none-eabi/7.2.1/../../../../arm-none-eabi/lib/hard\libc.a(lib_a-__call_atexit.o)
 .bss           0x08007748        0x0 c:/dev/tools/ti/ccs1010/ccs/tools/compiler/gcc-arm-none-eabi-7-2017-q4-major-win32/bin/../lib/gcc/arm-none-eabi/7.2.1/../../../../arm-none-eabi/lib/hard\libc.a(lib_a-atexit.o)
 .bss           0x08007748        0x0 c:/dev/tools/ti/ccs1010/ccs/tools/compiler/gcc-arm-none-eabi-7-2017-q4-major-win32/bin/../lib/gcc/arm-none-eabi/7.2.1/../../../../arm-none-eabi/lib/hard\libc.a(lib_a-fini.o)
 .bss           0x08007748        0x0 c:/dev/tools/ti/ccs1010/ccs/tools/compiler/gcc-arm-none-eabi-7-2017-q4-major-win32/bin/../lib/gcc/arm-none-eabi/7.2.1/../../../../arm-none-eabi/lib/hard\libc.a(lib_a-lock.o)
 .bss           0x08007748        0x0 c:/dev/tools/ti/ccs1010/ccs/tools/compiler/gcc-arm-none-eabi-7-2017-q4-major-win32/bin/../lib/gcc/arm-none-eabi/7.2.1/../../../../arm-none-eabi/lib/hard\libc.a(lib_a-__atexit.o)
 .bss           0x08007748        0x0 c:/dev/tools/ti/ccs1010/ccs/tools/compiler/gcc-arm-none-eabi-7-2017-q4-major-win32/bin/../lib/gcc/arm-none-eabi/7.2.1/../../../../arm-none-eabi/lib/hard\libm.a(lib_a-s_floor.o)
 .bss           0x08007748        0x0 c:/dev/tools/ti/ccs1010/ccs/tools/compiler/gcc-arm-none-eabi-7-2017-q4-major-win32/bin/../lib/gcc/arm-none-eabi/7.2.1/hard\libgcc.a(_udivsi3.o)
 .bss           0x08007748        0x0 c:/dev/tools/ti/ccs1010/ccs/tools/compiler/gcc-arm-none-eabi-7-2017-q4-major-win32/bin/../lib/gcc/arm-none-eabi/7.2.1/hard\libgcc.a(_dvmd_tls.o)
 .bss           0x08007748        0x0 c:/dev/tools/ti/ccs1010/ccs/tools/compiler/gcc-arm-none-eabi-7-2017-q4-major-win32/bin/../lib/gcc/arm-none-eabi/7.2.1/../../../../arm-none-eabi/lib/hard\libnosys.a(_exit.o)
 .bss           0x08007748        0x0 c:/dev/tools/ti/ccs1010/ccs/tools/compiler/gcc-arm-none-eabi-7-2017-q4-major-win32/bin/../lib/gcc/arm-none-eabi/7.2.1/hard/crtend.o
 .bss           0x08007748        0x0 c:/dev/tools/ti/ccs1010/ccs/tools/compiler/gcc-arm-none-eabi-7-2017-q4-major-win32/bin/../lib/gcc/arm-none-eabi/7.2.1/hard/crtn.o
 *(.bss*)
 *(COMMON)
 COMMON         0x08007748       0x3c ./source/HL_emac.o
                0x08007748                hdkif_data
 COMMON         0x08007784       0x21 c:/dev/tools/ti/ccs1010/ccs/tools/compiler/gcc-arm-none-eabi-7-2017-q4-major-win32/bin/../lib/gcc/arm-none-eabi/7.2.1/../../../../arm-none-eabi/lib/hard\libc.a(lib_a-lock.o)
                0x08007784                __lock___atexit_recursive_mutex
                0x08007788                __lock___arc4random_mutex
                0x0800778c                __lock___env_recursive_mutex
                0x08007790                __lock___sinit_recursive_mutex
                0x08007794                __lock___malloc_recursive_mutex
                0x08007798                __lock___at_quick_exit_mutex
                0x0800779c                __lock___dd_hash_mutex
                0x080077a0                __lock___tz_mutex
                0x080077a4                __lock___sfp_recursive_mutex
                0x080077a8                . = ALIGN (0x4)
 *fill*         0x080077a5        0x3 
                0x080077a8                _ebss = .
                0x080077a8                __bss_end__ = _ebss
                [!provide]                PROVIDE (end, _ebss)
                [!provide]                PROVIDE (_end, _ebss)

.memory_b1_text
 *(.mb1text)
 *(.mb1text*)
 *(.mb1rodata)
 *(.mb1rodata*)

/DISCARD/
 libc.a(*)
 libm.a(*)
 libgcc.a(*)

.ARM.attributes
                0x00000000       0x31
 *(.ARM.attributes)
 .ARM.attributes
                0x00000000       0x14 c:/dev/tools/ti/ccs1010/ccs/tools/compiler/gcc-arm-none-eabi-7-2017-q4-major-win32/bin/../lib/gcc/arm-none-eabi/7.2.1/hard/crti.o
 .ARM.attributes
                0x00000014       0x34 c:/dev/tools/ti/ccs1010/ccs/tools/compiler/gcc-arm-none-eabi-7-2017-q4-major-win32/bin/../lib/gcc/arm-none-eabi/7.2.1/hard/crtbegin.o
 .ARM.attributes
                0x00000048       0x12 c:/dev/tools/ti/ccs1010/ccs/tools/compiler/gcc-arm-none-eabi-7-2017-q4-major-win32/bin/../lib/gcc/arm-none-eabi/7.2.1/../../../../arm-none-eabi/lib/hard/crt0.o
 .ARM.attributes
                0x0000005a       0x33 ./source/HL_adc.o
 .ARM.attributes
                0x0000008d       0x33 ./source/HL_can.o
 .ARM.attributes
                0x000000c0       0x33 ./source/HL_crc.o
 .ARM.attributes
                0x000000f3       0x33 ./source/HL_dcc.o
 .ARM.attributes
                0x00000126       0x33 ./source/HL_ecap.o
 .ARM.attributes
                0x00000159       0x33 ./source/HL_emac.o
 .ARM.attributes
                0x0000018c       0x33 ./source/HL_emif.o
 .ARM.attributes
                0x000001bf       0x33 ./source/HL_epc.o
 .ARM.attributes
                0x000001f2       0x33 ./source/HL_eqep.o
 .ARM.attributes
                0x00000225       0x33 ./source/HL_errata.o
 .ARM.attributes
                0x00000258       0x33 ./source/HL_errata_SSWF021_45.o
 .ARM.attributes
                0x0000028b       0x33 ./source/HL_esm.o
 .ARM.attributes
                0x000002be       0x33 ./source/HL_etpwm.o
 .ARM.attributes
                0x000002f1       0x33 ./source/HL_gio.o
 .ARM.attributes
                0x00000324       0x33 ./source/HL_het.o
 .ARM.attributes
                0x00000357       0x33 ./source/HL_i2c.o
 .ARM.attributes
                0x0000038a       0x33 ./source/HL_lin.o
 .ARM.attributes
                0x000003bd       0x33 ./source/HL_mdio.o
 .ARM.attributes
                0x000003f0       0x33 ./source/HL_mibspi.o
 .ARM.attributes
                0x00000423       0x33 ./source/HL_nmpu.o
 .ARM.attributes
                0x00000456       0x33 ./source/HL_notification.o
 .ARM.attributes
                0x00000489       0x33 ./source/HL_phy_dp83640.o
 .ARM.attributes
                0x000004bc       0x33 ./source/HL_phy_tlk111.o
 .ARM.attributes
                0x000004ef       0x33 ./source/HL_pinmux.o
 .ARM.attributes
                0x00000522       0x33 ./source/HL_pom.o
 .ARM.attributes
                0x00000555       0x33 ./source/HL_sci.o
 .ARM.attributes
                0x00000588       0x27 ./source/HL_sys_core.o
 .ARM.attributes
                0x000005af       0x33 ./source/HL_sys_dma.o
 .ARM.attributes
                0x000005e2       0x25 ./source/HL_sys_intvecs.o
 .ARM.attributes
                0x00000607       0x33 ./source/HL_sys_main.o
 .ARM.attributes
                0x0000063a       0x25 ./source/HL_sys_mpu.o
 .ARM.attributes
                0x0000065f       0x33 ./source/HL_sys_pcr.o
 .ARM.attributes
                0x00000692       0x33 ./source/HL_sys_phantom.o
 .ARM.attributes
                0x000006c5       0x33 ./source/HL_sys_pmm.o
 .ARM.attributes
                0x000006f8       0x25 ./source/HL_sys_pmu.o
 .ARM.attributes
                0x0000071d       0x33 ./source/HL_sys_startup.o
 .ARM.attributes
                0x00000750       0x33 ./source/HL_sys_vim.o
 .ARM.attributes
                0x00000783       0x33 ./source/HL_system.o
 .ARM.attributes
                0x000007b6       0x33 ./source/os_croutine.o
 .ARM.attributes
                0x000007e9       0x33 ./source/os_event_groups.o
 .ARM.attributes
                0x0000081c       0x33 ./source/os_heap.o
 .ARM.attributes
                0x0000084f       0x33 ./source/os_list.o
 .ARM.attributes
                0x00000882       0x33 ./source/os_mpu_wrappers.o
 .ARM.attributes
                0x000008b5       0x33 ./source/os_port.o
 .ARM.attributes
                0x000008e8       0x27 ./source/os_portasm.o
 .ARM.attributes
                0x0000090f       0x33 ./source/os_queue.o
 .ARM.attributes
                0x00000942       0x33 ./source/os_tasks.o
 .ARM.attributes
                0x00000975       0x33 ./source/os_timer.o
 .ARM.attributes
                0x000009a8       0x34 c:/dev/tools/ti/ccs1010/ccs/tools/compiler/gcc-arm-none-eabi-7-2017-q4-major-win32/bin/../lib/gcc/arm-none-eabi/7.2.1/../../../../arm-none-eabi/lib/hard\libnosys.a(_exit.o)
 .ARM.attributes
                0x000009dc       0x32 c:/dev/tools/ti/ccs1010/ccs/tools/compiler/gcc-arm-none-eabi-7-2017-q4-major-win32/bin/../lib/gcc/arm-none-eabi/7.2.1/hard/crtend.o
 .ARM.attributes
                0x00000a0e       0x18 c:/dev/tools/ti/ccs1010/ccs/tools/compiler/gcc-arm-none-eabi-7-2017-q4-major-win32/bin/../lib/gcc/arm-none-eabi/7.2.1/hard/crtn.o